50.53.38.10 - - [12/Jul/2013:22:28:21 +0000] "GET /about/ HTTP/1.0" 200 8029 "http://www.politicrowd.com/accounts/login/?next=/" "Mozilla/5.0 (Windows NT 6.1; rv:22.0) Gecko/20100101 Firefox/22.0"
50.53.38.10 - - [12/Jul/2013:22:28:21 +0000] "GET /about/include/js/jquery.carouFredSel-6.2.0-packed.js HTTP/1.0" 404 5358 "http://www.politicrowd.com/about/" "Mozilla/5.0 (Windows NT 6.1; rv:22.0) Gecko/20100101 Firefox/22.0"
50.53.38.10 - - [12/Jul/2013:22:28:21 +0000] "GET /about/include/js/jquery.carouFredSel-6.2.0-packed.js HTTP/1.0" 404 5358 "http://www.politicrowd.com/about/" "Mozilla/5.0 (Windows NT 6.1; rv:22.0) Gecko/20100101 Firefox/22.0"
50.53.38.10 - - [12/Jul/2013:22:29:21 +0000] "GET /demo/openletter/ HTTP/1.0" 200 62052 "http://www.politicrowd.com/about/" "Mozilla/5.0 (Windows NT 6.1; rv:22.0) Gecko/20100101 Firefox/22.0"
50.53.38.10 - - [12/Jul/2013:22:29:23 +0000] "GET /favicon.ico HTTP/1.0" 404 5358 "-" "Mozilla/5.0 (Windows NT 6.1; rv:22.0) Gecko/20100101 Firefox/22.0"
50.53.38.10 - - [12/Jul/2013:22:29:43 +0000] "GET /demo/politician/ HTTP/1.0" 200 39512 "http://www.politicrowd.com/demo/openletter/" "Mozilla/5.0 (Windows NT 6.1; rv:22.0) Gecko/20100101 Firefox/22.0"
91.125.214.68 - - [12/Jul/2013:22:29:54 +0000] "GET /about HTTP/1.0" 301 - "https://www.facebook.com/" "Mozilla/5.0 (Windows NT 6.0) AppleWebKit/537.36 (KHTML, like Gecko) Chrome/28.0.1500.71 Safari/537.36"
91.125.214.68 - - [12/Jul/2013:22:29:54 +0000] "GET /about/ HTTP/1.0" 200 8029 "https://www.facebook.com/" "Mozilla/5.0 (Windows NT 6.0) AppleWebKit/537.36 (KHTML, like Gecko) Chrome/28.0.1500.71 Safari/537.36"
91.125.214.68 - - [12/Jul/2013:22:29:55 +0000] "GET /about/include/js/jquery.carouFredSel-6.2.0-packed.js HTTP/1.0" 404 5358 "http://www.politicrowd.com/about/" "Mozilla/5.0 (Windows NT 6.0) AppleWebKit/537.36 (KHTML, like Gecko) Chrome/28.0.1500.71 Safari/537.36"
98.246.200.91 - - [12/Jul/2013:22:32:07 +0000] "GET / HTTP/1.0" 302 - "-" "Mozilla/5.0 (Macintosh; Intel Mac OS X 10_8_2) AppleWebKit/536.26.14 (KHTML, like Gecko) Version/6.0.1 Safari/536.26.14"
98.246.200.91 - - [12/Jul/2013:22:32:08 +0000] "GET /accounts/login/?next=/ HTTP/1.0" 200 6273 "-" "Mozilla/5.0 (Macintosh; Intel Mac OS X 10_8_2) AppleWebKit/536.26.14 (KHTML, like Gecko) Version/6.0.1 Safari/536.26.14"
75.92.167.197 - - [12/Jul/2013:22:37:54 +0000] "GET / HTTP/1.0" 200 89287 "-" "Mozilla/5.0 (Macintosh; Intel Mac OS X 10_8_2) AppleWebKit/536.26.14 (KHTML, like Gecko) Version/6.0.1 Safari/536.26.14"
75.92.167.197 - - [12/Jul/2013:22:37:56 +0000] "GET /include/js/jquery.carouFredSel-6.2.0-packed.js HTTP/1.0" 404 5348 "http://politicrowd.com/" "Mozilla/5.0 (Macintosh; Intel Mac OS X 10_8_2) AppleWebKit/536.26.14 (KHTML, like Gecko) Version/6.0.1 Safari/536.26.14"
131.179.46.64 - - [12/Jul/2013:22:45:02 +0000] "GET / HTTP/1.0" 302 - "https://www.facebook.com/" "Mozilla/5.0 (Macintosh; Intel Mac OS X 10_8_4) AppleWebKit/537.36 (KHTML, like Gecko) Chrome/28.0.1500.71 Safari/537.36"
131.179.46.64 - - [12/Jul/2013:22:45:02 +0000] "GET /accounts/login/?next=/ HTTP/1.0" 200 6273 "https://www.facebook.com/" "Mozilla/5.0 (Macintosh; Intel Mac OS X 10_8_4) AppleWebKit/537.36 (KHTML, like Gecko) Chrome/28.0.1500.71 Safari/537.36"
131.179.46.64 - - [12/Jul/2013:22:45:08 +0000] "GET /demo/politician/ HTTP/1.0" 200 39512 "http://www.politicrowd.com/accounts/login/?next=/" "Mozilla/5.0 (Macintosh; Intel Mac OS X 10_8_4) AppleWebKit/537.36 (KHTML, like Gecko) Chrome/28.0.1500.71 Safari/537.36"
131.179.46.64 - - [12/Jul/2013:22:45:09 +0000] "GET /favicon.ico HTTP/1.0" 404 5358 "-" "Mozilla/5.0 (Macintosh; Intel Mac OS X 10_8_4) AppleWebKit/537.36 (KHTML, like Gecko) Chrome/28.0.1500.71 Safari/537.36"
131.179.46.64 - - [12/Jul/2013:22:45:19 +0000] "GET /demo/openletter/ HTTP/1.0" 200 62052 "http://www.politicrowd.com/demo/politician/" "Mozilla/5.0 (Macintosh; Intel Mac OS X 10_8_4) AppleWebKit/537.36 (KHTML, like Gecko) Chrome/28.0.1500.71 Safari/537.36"
131.179.46.64 - - [12/Jul/2013:22:45:21 +0000] "GET /favicon.ico HTTP/1.0" 404 5358 "-" "Mozilla/5.0 (Macintosh; Intel Mac OS X 10_8_4) AppleWebKit/537.36 (KHTML, like Gecko) Chrome/28.0.1500.71 Safari/537.36"
131.179.46.64 - - [12/Jul/2013:22:45:25 +0000] "GET /favicon.ico HTTP/1.0" 404 5358 "-" "Mozilla/5.0 (Macintosh; Intel Mac OS X 10_8_4) AppleWebKit/537.36 (KHTML, like Gecko) Chrome/28.0.1500.71 Safari/537.36"
201.250.58.71 - - [12/Jul/2013:22:51:18 +0000] "GET /about HTTP/1.0" 301 - "https://m.facebook.com" "Mozilla/5.0 (iPhone; CPU iPhone OS 5_1_1 like Mac OS X) AppleWebKit/534.46 (KHTML, like Gecko) Mobile/9B206 [FBAN/FBIOS;FBAV/6.1.1;FBBV/202949;FBDV/iPhone4,1;FBMD/iPhone;FBSN/iPhone OS;FBSV/5.1.1;FBSS/2; FBCR/AT&T;FBID/phone;FBLC/en_US;FBOP/1]"
201.250.58.71 - - [12/Jul/2013:22:51:19 +0000] "GET /about/ HTTP/1.0" 200 8029 "-" "Mozilla/5.0 (iPhone; CPU iPhone OS 5_1_1 like Mac OS X) AppleWebKit/534.46 (KHTML, like Gecko) Mobile/9B206 [FBAN/FBIOS;FBAV/6.1.1;FBBV/202949;FBDV/iPhone4,1;FBMD/iPhone;FBSN/iPhone OS;FBSV/5.1.1;FBSS/2; FBCR/AT&T;FBID/phone;FBLC/en_US;FBOP/1]"
201.250.58.71 - - [12/Jul/2013:22:51:23 +0000] "GET /about/include/js/jquery.carouFredSel-6.2.0-packed.js HTTP/1.0" 404 5358 "http://www.politicrowd.com/about/" "Mozilla/5.0 (iPhone; CPU iPhone OS 5_1_1 like Mac OS X) AppleWebKit/534.46 (KHTML, like Gecko) Mobile/9B206 [FBAN/FBIOS;FBAV/6.1.1;FBBV/202949;FBDV/iPhone4,1;FBMD/iPhone;FBSN/iPhone OS;FBSV/5.1.1;FBSS/2; FBCR/AT&T;FBID/phone;FBLC/en_US;FBOP/1]"
180.76.5.177 - - [12/Jul/2013:23:03:03 +0000] "GET /demo/politician/ HTTP/1.0" 200 39512 "-" "Mozilla/5.0 (compatible; Baiduspider/2.0; +http://www.baidu.com/search/spider.html)"
98.246.200.91 - - [12/Jul/2013:23:08:12 +0000] "GET / HTTP/1.0" 302 - "http://www.kgw.com/results?search=site&keywords=politicrowd&searchbutton=Go" "Mozilla/5.0 (Macintosh; Intel Mac OS X 10_6_8) AppleWebKit/537.36 (KHTML, like Gecko) Chrome/28.0.1500.71 Safari/537.36"
98.246.200.91 - - [12/Jul/2013:23:08:12 +0000] "GET /accounts/login/?next=/ HTTP/1.0" 200 6273 "http://www.kgw.com/results?search=site&keywords=politicrowd&searchbutton=Go" "Mozilla/5.0 (Macintosh; Intel Mac OS X 10_6_8) AppleWebKit/537.36 (KHTML, like Gecko) Chrome/28.0.1500.71 Safari/537.36"
71.222.74.208 - - [12/Jul/2013:23:13:23 +0000] "GET / HTTP/1.0" 302 - "http://www.google.com/url?sa=t&rct=j&q=&esrc=s&frm=1&source=web&cd=1&ved=0CC0QFjAA&url=http%3A%2F%2Fwww.politicrowd.com%2F&ei=j43gUcL_KofXigLI-oHQDA&usg=AFQjCNFghshNHw3IpvC7KTFA6EQZNCYxZw&sig2=aGyxlf7N5MCXoioxC46eQg&bvm=bv.48705608,d.cGE" "Mozilla/5.0 (compatible; MSIE 10.0; Windows NT 6.2; WOW64; Trident/6.0)"
71.222.74.208 - - [12/Jul/2013:23:13:23 +0000] "GET /accounts/login/?next=/ HTTP/1.0" 200 6273 "http://www.google.com/url?sa=t&rct=j&q=&esrc=s&frm=1&source=web&cd=1&ved=0CC0QFjAA&url=http%3A%2F%2Fwww.politicrowd.com%2F&ei=j43gUcL_KofXigLI-oHQDA&usg=AFQjCNFghshNHw3IpvC7KTFA6EQZNCYxZw&sig2=aGyxlf7N5MCXoioxC46eQg&bvm=bv.48705608,d.cGE" "Mozilla/5.0 (compatible; MSIE 10.0; Windows NT 6.2; WOW64; Trident/6.0)"
71.222.74.208 - - [12/Jul/2013:23:13:36 +0000] "GET /about/ HTTP/1.0" 200 8029 "http://www.politicrowd.com/accounts/login/?next=/" "Mozilla/5.0 (compatible; MSIE 10.0; Windows NT 6.2; WOW64; Trident/6.0)"
71.222.74.208 - - [12/Jul/2013:23:13:36 +0000] "GET /about/include/js/jquery.carouFredSel-6.2.0-packed.js HTTP/1.0" 404 5358 "http://www.politicrowd.com/about/" "Mozilla/5.0 (compatible; MSIE 10.0; Windows NT 6.2; WOW64; Trident/6.0)"
166.147.88.25 - - [12/Jul/2013:23:15:43 +0000] "GET / HTTP/1.0" 302 - "-" "Mozilla/5.0 (compatible; MSIE 10.0; Windows Phone 8.0; Trident/6.0; IEMobile/10.0; ARM; Touch; HTC; PM23300)"
166.147.88.25 - - [12/Jul/2013:23:15:43 +0000] "GET /accounts/login/?next=/ HTTP/1.0" 200 6273 "-" "Mozilla/5.0 (compatible; MSIE 10.0; Windows Phone 8.0; Trident/6.0; IEMobile/10.0; ARM; Touch; HTC; PM23300)"
174.239.228.207 - - [12/Jul/2013:23:16:34 +0000] "GET / HTTP/1.0" 302 - "-" "Mozilla/5.0 (iPhone; CPU iPhone OS 6_0_1 like Mac OS X) AppleWebKit/536.26 (KHTML, like Gecko) Version/6.0 Mobile/10A523 Safari/8536.25"
174.239.228.207 - - [12/Jul/2013:23:16:34 +0000] "GET /accounts/login/?next=/ HTTP/1.0" 200 6273 "-" "Mozilla/5.0 (iPhone; CPU iPhone OS 6_0_1 like Mac OS X) AppleWebKit/536.26 (KHTML, like Gecko) Version/6.0 Mobile/10A523 Safari/8536.25"
166.147.88.25 - - [12/Jul/2013:23:17:00 +0000] "GET /about/ HTTP/1.0" 200 8029 "http://politicrowd.com/accounts/login/?next=/" "Mozilla/5.0 (compatible; MSIE 10.0; Windows Phone 8.0; Trident/6.0; IEMobile/10.0; ARM; Touch; HTC; PM23300)"
166.147.88.25 - - [12/Jul/2013:23:17:00 +0000] "GET /about/include/js/jquery.carouFredSel-6.2.0-packed.js HTTP/1.0" 404 5358 "http://politicrowd.com/about/" "Mozilla/5.0 (compatible; MSIE 10.0; Windows Phone 8.0; Trident/6.0; IEMobile/10.0; ARM; Touch; HTC; PM23300)"
174.239.228.207 - - [12/Jul/2013:23:17:01 +0000] "GET /about/ HTTP/1.0" 200 8029 "http://www.politicrowd.com/accounts/login/?next=/" "Mozilla/5.0 (iPhone; CPU iPhone OS 6_0_1 like Mac OS X) AppleWebKit/536.26 (KHTML, like Gecko) Version/6.0 Mobile/10A523 Safari/8536.25"
174.239.228.207 - - [12/Jul/2013:23:17:02 +0000] "GET /about/include/js/jquery.carouFredSel-6.2.0-packed.js HTTP/1.0" 404 5358 "http://www.politicrowd.com/about/" "Mozilla/5.0 (iPhone; CPU iPhone OS 6_0_1 like Mac OS X) AppleWebKit/536.26 (KHTML, like Gecko) Version/6.0 Mobile/10A523 Safari/8536.25"
166.147.88.25 - - [12/Jul/2013:23:17:44 +0000] "GET /accounts/login/?next=/ HTTP/1.0" 200 6273 "-" "Mozilla/5.0 (compatible; MSIE 10.0; Windows Phone 8.0; Trident/6.0; IEMobile/10.0; ARM; Touch; HTC; PM23300)"
207.118.88.133 - - [12/Jul/2013:23:18:01 +0000] "GET / HTTP/1.0" 302 - "-" "Mozilla/5.0 (Macintosh; Intel Mac OS X 10_5_8) AppleWebKit/534.50.2 (KHTML, like Gecko) Version/5.0.6 Safari/533.22.3"
207.118.88.133 - - [12/Jul/2013:23:18:04 +0000] "GET /accounts/login/?next=/ HTTP/1.0" 200 6273 "-" "Mozilla/5.0 (Macintosh; Intel Mac OS X 10_5_8) AppleWebKit/534.50.2 (KHTML, like Gecko) Version/5.0.6 Safari/533.22.3"
71.236.178.147 - - [12/Jul/2013:23:43:28 +0000] "GET / HTTP/1.0" 302 - "http://www.google.com/url?sa=t&rct=j&q=politicrowd&source=web&cd=1&ved=0CCoQFjAA&url=http%3A%2F%2Fwww.politicrowd.com%2F&ei=nZTgUajuNajrigKgg4DAAw&usg=AFQjCNFghshNHw3IpvC7KTFA6EQZNCYxZw&sig2=iJqvssgaMBAQwVyhBKjFwQ&bvm=bv.48705608,d.cGE" "Mozilla/5.0 (Macintosh; Intel Mac OS X 10_6_8) AppleWebKit/534.59.8 (KHTML, like Gecko) Version/5.1.9 Safari/534.59.8"
71.236.178.147 - - [12/Jul/2013:23:43:28 +0000] "GET /accounts/login/?next=/ HTTP/1.0" 200 6273 "http://www.google.com/url?sa=t&rct=j&q=politicrowd&source=web&cd=1&ved=0CCoQFjAA&url=http%3A%2F%2Fwww.politicrowd.com%2F&ei=nZTgUajuNajrigKgg4DAAw&usg=AFQjCNFghshNHw3IpvC7KTFA6EQZNCYxZw&sig2=iJqvssgaMBAQwVyhBKjFwQ&bvm=bv.48705608,d.cGE" "Mozilla/5.0 (Macintosh; Intel Mac OS X 10_6_8) AppleWebKit/534.59.8 (KHTML, like Gecko) Version/5.1.9 Safari/534.59.8"
71.236.178.147 - - [12/Jul/2013:23:43:39 +0000] "GET /about/ HTTP/1.0" 200 8029 "http://www.politicrowd.com/accounts/login/?next=/" "Mozilla/5.0 (Macintosh; Intel Mac OS X 10_6_8) AppleWebKit/534.59.8 (KHTML, like Gecko) Version/5.1.9 Safari/534.59.8"
71.236.178.147 - - [12/Jul/2013:23:43:39 +0000] "GET /about/include/js/jquery.carouFredSel-6.2.0-packed.js HTTP/1.0" 404 5358 "http://www.politicrowd.com/about/" "Mozilla/5.0 (Macintosh; Intel Mac OS X 10_6_8) AppleWebKit/534.59.8 (KHTML, like Gecko) Version/5.1.9 Safari/534.59.8"
50.137.154.75 - - [12/Jul/2013:23:43:40 +0000] "GET / HTTP/1.0" 302 - "-" "Mozilla/5.0 (iPad; CPU OS 6_1_3 like Mac OS X) AppleWebKit/536.26 (KHTML, like Gecko) Version/6.0 Mobile/10B329 Safari/8536.25"
50.137.154.75 - - [12/Jul/2013:23:43:40 +0000] "GET /accounts/login/?next=/ HTTP/1.0" 200 6273 "-" "Mozilla/5.0 (iPad; CPU OS 6_1_3 like Mac OS X) AppleWebKit/536.26 (KHTML, like Gecko) Version/6.0 Mobile/10B329 Safari/8536.25"
50.137.154.75 - - [12/Jul/2013:23:44:14 +0000] "GET /about/ HTTP/1.0" 200 8029 "http://politicrowd.com/accounts/login/?next=/" "Mozilla/5.0 (iPad; CPU OS 6_1_3 like Mac OS X) AppleWebKit/536.26 (KHTML, like Gecko) Version/6.0 Mobile/10B329 Safari/8536.25"
50.137.154.75 - - [12/Jul/2013:23:44:14 +0000] "GET /about/include/js/jquery.carouFredSel-6.2.0-packed.js HTTP/1.0" 404 5358 "http://politicrowd.com/about/" "Mozilla/5.0 (iPad; CPU OS 6_1_3 like Mac OS X) AppleWebKit/536.26 (KHTML, like Gecko) Version/6.0 Mobile/10B329 Safari/8536.25"
71.236.178.147 - - [12/Jul/2013:23:44:16 +0000] "GET /demo/openletter/ HTTP/1.0" 200 62052 "http://www.politicrowd.com/about/" "Mozilla/5.0 (Macintosh; Intel Mac OS X 10_6_8) AppleWebKit/534.59.8 (KHTML, like Gecko) Version/5.1.9 Safari/534.59.8"
71.236.178.147 - - [12/Jul/2013:23:44:20 +0000] "GET /favicon.ico HTTP/1.0" 404 5358 "http://www.politicrowd.com/demo/openletter/" "Mozilla/5.0 (Macintosh; Intel Mac OS X 10_6_8) AppleWebKit/534.59.8 (KHTML, like Gecko) Version/5.1.9 Safari/534.59.8"
71.236.178.147 - - [12/Jul/2013:23:44:33 +0000] "GET /demo/politician/ HTTP/1.0" 200 39512 "http://www.politicrowd.com/demo/openletter/" "Mozilla/5.0 (Macintosh; Intel Mac OS X 10_6_8) AppleWebKit/534.59.8 (KHTML, like Gecko) Version/5.1.9 Safari/534.59.8"
166.147.88.44 - - [12/Jul/2013:23:46:52 +0000] "GET / HTTP/1.0" 302 - "http://www.google.com/search?site=&source=hp&ei=YJXgUdSHOayNigK56ICABA&q=politicrowd&oq=politicro&gs_l=mobile-gws-hp.1.0.0i8.2190.5987.0.7588.10.8.0.2.2.0.302.1208.3j2j2j1.8.0....0...1c.1.19.mobile-gws-hp.-NR1J0y4DoY" "Mozilla/5.0 (iPhone; CPU iPhone OS 6_0 like Mac OS X) AppleWebKit/536.26 (KHTML, like Gecko) Version/6.0 Mobile/10A405 Safari/8536.25"
166.147.88.44 - - [12/Jul/2013:23:46:52 +0000] "GET /accounts/login/?next=/ HTTP/1.0" 200 6273 "http://www.google.com/search?site=&source=hp&ei=YJXgUdSHOayNigK56ICABA&q=politicrowd&oq=politicro&gs_l=mobile-gws-hp.1.0.0i8.2190.5987.0.7588.10.8.0.2.2.0.302.1208.3j2j2j1.8.0....0...1c.1.19.mobile-gws-hp.-NR1J0y4DoY" "Mozilla/5.0 (iPhone; CPU iPhone OS 6_0 like Mac OS X) AppleWebKit/536.26 (KHTML, like Gecko) Version/6.0 Mobile/10A405 Safari/8536.25"
50.137.154.75 - - [12/Jul/2013:23:46:57 +0000] "GET /apple-touch-icon-72x72-precomposed.png HTTP/1.0" 404 5358 "-" "MobileSafari/8536.25 CFNetwork/609.1.4 Darwin/13.0.0"
50.137.154.75 - - [12/Jul/2013:23:46:57 +0000] "GET /apple-touch-icon-72x72.png HTTP/1.0" 404 5358 "-" "MobileSafari/8536.25 CFNetwork/609.1.4 Darwin/13.0.0"
50.137.154.75 - - [12/Jul/2013:23:46:57 +0000] "GET /apple-touch-icon-precomposed.png HTTP/1.0" 404 5358 "-" "MobileSafari/8536.25 CFNetwork/609.1.4 Darwin/13.0.0"
50.137.154.75 - - [12/Jul/2013:23:46:58 +0000] "GET /apple-touch-icon.png HTTP/1.0" 404 5358 "-" "MobileSafari/8536.25 CFNetwork/609.1.4 Darwin/13.0.0"
50.137.154.75 - - [12/Jul/2013:23:47:00 +0000] "GET /apple-touch-icon-72x72-precomposed.png HTTP/1.0" 404 5358 "-" "MobileSafari/8536.25 CFNetwork/609.1.4 Darwin/13.0.0"
50.137.154.75 - - [12/Jul/2013:23:47:00 +0000] "GET /apple-touch-icon-72x72.png HTTP/1.0" 404 5358 "-" "MobileSafari/8536.25 CFNetwork/609.1.4 Darwin/13.0.0"
50.137.154.75 - - [12/Jul/2013:23:47:01 +0000] "GET /apple-touch-icon-precomposed.png HTTP/1.0" 404 5358 "-" "MobileSafari/8536.25 CFNetwork/609.1.4 Darwin/13.0.0"
50.137.154.75 - - [12/Jul/2013:23:47:01 +0000] "GET /apple-touch-icon.png HTTP/1.0" 404 5358 "-" "MobileSafari/8536.25 CFNetwork/609.1.4 Darwin/13.0.0"
24.20.154.67 - - [12/Jul/2013:23:47:23 +0000] "GET / HTTP/1.0" 302 - "http://www.google.com/url?sa=t&rct=j&q=politicrowd&source=web&cd=1&ved=0CCoQFjAA&url=http%3A%2F%2Fwww.politicrowd.com%2F&ei=iJXgUfOsL4LQiwLggYG4CQ&usg=AFQjCNFghshNHw3IpvC7KTFA6EQZNCYxZw&sig2=WhRrv5ykFkTqn3c3xqXI4A&bvm=bv.48705608,d.cGE" "Mozilla/5.0 (Macintosh; Intel Mac OS X 10_8_3) AppleWebKit/536.29.13 (KHTML, like Gecko) Version/6.0.4 Safari/536.29.13"
24.20.154.67 - - [12/Jul/2013:23:47:23 +0000] "GET /accounts/login/?next=/ HTTP/1.0" 200 6273 "http://www.google.com/url?sa=t&rct=j&q=politicrowd&source=web&cd=1&ved=0CCoQFjAA&url=http%3A%2F%2Fwww.politicrowd.com%2F&ei=iJXgUfOsL4LQiwLggYG4CQ&usg=AFQjCNFghshNHw3IpvC7KTFA6EQZNCYxZw&sig2=WhRrv5ykFkTqn3c3xqXI4A&bvm=bv.48705608,d.cGE" "Mozilla/5.0 (Macintosh; Intel Mac OS X 10_8_3) AppleWebKit/536.29.13 (KHTML, like Gecko) Version/6.0.4 Safari/536.29.13"
24.20.154.67 - - [12/Jul/2013:23:47:32 +0000] "GET /about/ HTTP/1.0" 200 8029 "http://www.politicrowd.com/accounts/login/?next=/" "Mozilla/5.0 (Macintosh; Intel Mac OS X 10_8_3) AppleWebKit/536.29.13 (KHTML, like Gecko) Version/6.0.4 Safari/536.29.13"
24.20.154.67 - - [12/Jul/2013:23:47:32 +0000] "GET /about/include/js/jquery.carouFredSel-6.2.0-packed.js HTTP/1.0" 404 5358 "http://www.politicrowd.com/about/" "Mozilla/5.0 (Macintosh; Intel Mac OS X 10_8_3) AppleWebKit/536.29.13 (KHTML, like Gecko) Version/6.0.4 Safari/536.29.13"
71.237.202.163 - - [12/Jul/2013:23:47:50 +0000] "GET / HTTP/1.0" 302 - "http://www.google.com/url?sa=t&rct=j&q=&esrc=s&source=web&cd=1&ved=0CCwQFjAA&url=http%3A%2F%2Fwww.politicrowd.com%2F&ei=oJXgUYjyOeTQiwKTmYGIAw&usg=AFQjCNFghshNHw3IpvC7KTFA6EQZNCYxZw&bvm=bv.48705608,d.cGE" "Mozilla/5.0 (Macintosh; Intel Mac OS X 10_8_4) AppleWebKit/536.30.1 (KHTML, like Gecko) Version/6.0.5 Safari/536.30.1"
71.237.202.163 - - [12/Jul/2013:23:47:50 +0000] "GET /accounts/login/?next=/ HTTP/1.0" 200 6273 "http://www.google.com/url?sa=t&rct=j&q=&esrc=s&source=web&cd=1&ved=0CCwQFjAA&url=http%3A%2F%2Fwww.politicrowd.com%2F&ei=oJXgUYjyOeTQiwKTmYGIAw&usg=AFQjCNFghshNHw3IpvC7KTFA6EQZNCYxZw&bvm=bv.48705608,d.cGE" "Mozilla/5.0 (Macintosh; Intel Mac OS X 10_8_4) AppleWebKit/536.30.1 (KHTML, like Gecko) Version/6.0.5 Safari/536.30.1"
71.237.202.163 - - [12/Jul/2013:23:47:56 +0000] "GET /about/ HTTP/1.0" 200 8029 "http://www.politicrowd.com/accounts/login/?next=/" "Mozilla/5.0 (Macintosh; Intel Mac OS X 10_8_4) AppleWebKit/536.30.1 (KHTML, like Gecko) Version/6.0.5 Safari/536.30.1"
71.237.202.163 - - [12/Jul/2013:23:47:57 +0000] "GET /about/include/js/jquery.carouFredSel-6.2.0-packed.js HTTP/1.0" 404 5358 "http://www.politicrowd.com/about/" "Mozilla/5.0 (Macintosh; Intel Mac OS X 10_8_4) AppleWebKit/536.30.1 (KHTML, like Gecko) Version/6.0.5 Safari/536.30.1"
71.237.202.163 - - [12/Jul/2013:23:48:02 +0000] "GET /demo/politician/ HTTP/1.0" 200 39512 "http://www.politicrowd.com/about/" "Mozilla/5.0 (Macintosh; Intel Mac OS X 10_8_4) AppleWebKit/536.30.1 (KHTML, like Gecko) Version/6.0.5 Safari/536.30.1"
71.237.202.163 - - [12/Jul/2013:23:48:04 +0000] "GET /favicon.ico HTTP/1.0" 404 5358 "http://www.politicrowd.com/demo/politician/" "Mozilla/5.0 (Macintosh; Intel Mac OS X 10_8_4) AppleWebKit/536.30.1 (KHTML, like Gecko) Version/6.0.5 Safari/536.30.1"
71.237.202.163 - - [12/Jul/2013:23:48:07 +0000] "GET /demo/openletter/ HTTP/1.0" 200 62052 "http://www.politicrowd.com/demo/politician/" "Mozilla/5.0 (Macintosh; Intel Mac OS X 10_8_4) AppleWebKit/536.30.1 (KHTML, like Gecko) Version/6.0.5 Safari/536.30.1"
98.246.128.94 - - [12/Jul/2013:23:48:11 +0000] "GET / HTTP/1.0" 302 - "http://www.google.com/url?sa=t&rct=j&q=politicrowd&source=web&cd=1&ved=0CCoQFjAA&url=http%3A%2F%2Fwww.politicrowd.com%2F&ei=qJXgUYiwI8HwiwKohYGAAw&usg=AFQjCNFghshNHw3IpvC7KTFA6EQZNCYxZw&bvm=bv.48705608,d.cGE" "Mozilla/5.0 (compatible; MSIE 9.0; Windows NT 6.0; Trident/5.0)"
98.246.128.94 - - [12/Jul/2013:23:48:12 +0000] "GET /accounts/login/?next=/ HTTP/1.0" 200 6273 "http://www.google.com/url?sa=t&rct=j&q=politicrowd&source=web&cd=1&ved=0CCoQFjAA&url=http%3A%2F%2Fwww.politicrowd.com%2F&ei=qJXgUYiwI8HwiwKohYGAAw&usg=AFQjCNFghshNHw3IpvC7KTFA6EQZNCYxZw&bvm=bv.48705608,d.cGE" "Mozilla/5.0 (compatible; MSIE 9.0; Windows NT 6.0; Trident/5.0)"
184.76.83.2 - - [12/Jul/2013:23:48:12 +0000] "GET / HTTP/1.0" 302 - "https://www.google.com/" "Mozilla/5.0 (Windows NT 6.1; WOW64) AppleWebKit/537.36 (KHTML, like Gecko) Chrome/28.0.1500.71 Safari/537.36"
184.76.83.2 - - [12/Jul/2013:23:48:12 +0000] "GET /accounts/login/?next=/ HTTP/1.0" 200 6273 "https://www.google.com/" "Mozilla/5.0 (Windows NT 6.1; WOW64) AppleWebKit/537.36 (KHTML, like Gecko) Chrome/28.0.1500.71 Safari/537.36"
69.171.242.114 - - [12/Jul/2013:23:48:15 +0000] "GET /about/ HTTP/1.0" 200 8029 "-" "facebookexternalhit/1.1 (+http://www.facebook.com/externalhit_uatext.php)"
75.92.176.147 - - [12/Jul/2013:23:48:20 +0000] "GET / HTTP/1.0" 302 - "http://www.bing.com/search?q=politicrowd&form=MSNH14&pc=msnHomeST&pq=politicrowd&sc=0-10&sp=-1&qs=n&sk=" "Mozilla/5.0 (compatible; MSIE 10.0; Windows NT 6.1; WOW64; Trident/6.0; FunWebProducts; EIE10;ENUSMSN)"
71.237.202.163 - - [12/Jul/2013:23:48:20 +0000] "GET / HTTP/1.0" 302 - "http://www.politicrowd.com/demo/openletter/" "Mozilla/5.0 (Macintosh; Intel Mac OS X 10_8_4) AppleWebKit/536.30.1 (KHTML, like Gecko) Version/6.0.5 Safari/536.30.1"
75.92.176.147 - - [12/Jul/2013:23:48:20 +0000] "GET /accounts/login/?next=/ HTTP/1.0" 200 6273 "http://www.bing.com/search?q=politicrowd&form=MSNH14&pc=msnHomeST&pq=politicrowd&sc=0-10&sp=-1&qs=n&sk=" "Mozilla/5.0 (compatible; MSIE 10.0; Windows NT 6.1; WOW64; Trident/6.0; FunWebProducts; EIE10;ENUSMSN)"
71.237.202.163 - - [12/Jul/2013:23:48:20 +0000] "GET /accounts/login/?next=/ HTTP/1.0" 200 6273 "http://www.politicrowd.com/demo/openletter/" "Mozilla/5.0 (Macintosh; Intel Mac OS X 10_8_4) AppleWebKit/536.30.1 (KHTML, like Gecko) Version/6.0.5 Safari/536.30.1"
71.237.202.163 - - [12/Jul/2013:23:48:28 +0000] "GET / HTTP/1.0" 302 - "-" "Mozilla/5.0 (Macintosh; Intel Mac OS X 10_8_4) AppleWebKit/536.30.1 (KHTML, like Gecko) Version/6.0.5 Safari/536.30.1"
71.237.202.163 - - [12/Jul/2013:23:48:28 +0000] "GET /accounts/login/?next=/ HTTP/1.0" 200 6273 "-" "Mozilla/5.0 (Macintosh; Intel Mac OS X 10_8_4) AppleWebKit/536.30.1 (KHTML, like Gecko) Version/6.0.5 Safari/536.30.1"
66.87.113.219 - - [12/Jul/2013:23:48:33 +0000] "GET / HTTP/1.0" 302 - "https://www.google.com/" "Mozilla/5.0 (Linux; Android 4.2.2; SPH-L720 Build/JDQ39) AppleWebKit/537.36 (KHTML, like Gecko) Chrome/27.0.1453.90 Mobile Safari/537.36"
66.87.113.219 - - [12/Jul/2013:23:48:34 +0000] "GET /accounts/login/?next=/ HTTP/1.0" 200 6273 "-" "Mozilla/5.0 (Linux; Android 4.2.2; SPH-L720 Build/JDQ39) AppleWebKit/537.36 (KHTML, like Gecko) Chrome/27.0.1453.90 Mobile Safari/537.36"
76.115.4.13 - - [12/Jul/2013:23:48:41 +0000] "GET / HTTP/1.0" 302 - "http://m.bing.com/search?q=Politicrowd&form=BLXBSH" "Mozilla/5.0 (Linux; U; Android 4.1.2; en-us; SCH-I535 Build/JZO54K) AppleWebKit/534.30 (KHTML, like Gecko) Version/4.0 Mobile Safari/534.30 BingWeb/2.1.635.20111202"
76.115.4.13 - - [12/Jul/2013:23:48:41 +0000] "GET /accounts/login/?next=/ HTTP/1.0" 200 6273 "http://m.bing.com/search?q=Politicrowd&form=BLXBSH" "Mozilla/5.0 (Linux; U; Android 4.1.2; en-us; SCH-I535 Build/JZO54K) AppleWebKit/534.30 (KHTML, like Gecko) Version/4.0 Mobile Safari/534.30 BingWeb/2.1.635.20111202"
66.87.113.219 - - [12/Jul/2013:23:48:42 +0000] "GET /apple-touch-icon-precomposed.png HTTP/1.0" 404 5358 "https://www.google.com/" "Mozilla/5.0 (Linux; Android 4.2.2; SPH-L720 Build/JDQ39) AppleWebKit/537.36 (KHTML, like Gecko) Chrome/27.0.1453.90 Mobile Safari/537.36"
66.87.113.219 - - [12/Jul/2013:23:48:42 +0000] "GET /apple-touch-icon.png HTTP/1.0" 404 5358 "https://www.google.com/" "Mozilla/5.0 (Linux; Android 4.2.2; SPH-L720 Build/JDQ39) AppleWebKit/537.36 (KHTML, like Gecko) Chrome/27.0.1453.90 Mobile Safari/537.36"
216.38.216.101 - - [12/Jul/2013:23:48:50 +0000] "GET / HTTP/1.0" 302 - "http://politicrowd.com/" "Mozilla/5.0 (Macintosh; Intel Mac OS X 10_7_1) AppleWebKit/535.1 (KHTML, like Gecko) Chrome/13.0.782.215 Safari/535.1"
216.38.216.101 - - [12/Jul/2013:23:48:51 +0000] "GET / HTTP/1.0" 302 - "http://www.politicrowd.com/" "Mozilla/5.0 (Macintosh; Intel Mac OS X 10_7_1) AppleWebKit/535.1 (KHTML, like Gecko) Chrome/13.0.782.215 Safari/535.1"
216.38.216.101 - - [12/Jul/2013:23:48:51 +0000] "GET /accounts/login/?next=/ HTTP/1.0" 200 6273 "http://politicrowd.com/accounts/login/?next=/" "Mozilla/5.0 (Macintosh; Intel Mac OS X 10_7_1) AppleWebKit/535.1 (KHTML, like Gecko) Chrome/13.0.782.215 Safari/535.1"
216.38.216.101 - - [12/Jul/2013:23:48:51 +0000] "GET /accounts/login/?next=/ HTTP/1.0" 200 6273 "http://www.politicrowd.com/accounts/login/?next=/" "Mozilla/5.0 (Macintosh; Intel Mac OS X 10_7_1) AppleWebKit/535.1 (KHTML, like Gecko) Chrome/13.0.782.215 Safari/535.1"
184.76.83.2 - - [12/Jul/2013:23:48:51 +0000] "GET /accounts/login/?next=/ HTTP/1.0" 200 6273 "https://www.google.com/" "Mozilla/5.0 (Windows NT 6.1; WOW64) AppleWebKit/537.36 (KHTML, like Gecko) Chrome/28.0.1500.71 Safari/537.36"
50.240.27.230 - - [12/Jul/2013:23:48:53 +0000] "GET /about/ HTTP/1.0" 200 8029 "http://www.google.com/url?sa=t&rct=j&q=politicrowd%20portland&source=web&cd=3&ved=0CDkQFjAC&url=http%3A%2F%2Fwww.politicrowd.com%2Fabout%2F&ei=2ZXgUdDIKOj-igL18YD4Bg&usg=AFQjCNF0Klk70DXm2MAvN3nX1qOOKcxZJg&sig2=n8y3oq3dKo7Ns1zCAirGFg&bvm=bv.48705608,d.cGE" "Mozilla/5.0 (Macintosh; Intel Mac OS X 10_6_8) AppleWebKit/534.59.8 (KHTML, like Gecko) Version/5.1.9 Safari/534.59.8"
50.240.27.230 - - [12/Jul/2013:23:48:54 +0000] "GET /about/include/js/jquery.carouFredSel-6.2.0-packed.js HTTP/1.0" 404 5358 "http://www.politicrowd.com/about/" "Mozilla/5.0 (Macintosh; Intel Mac OS X 10_6_8) AppleWebKit/534.59.8 (KHTML, like Gecko) Version/5.1.9 Safari/534.59.8"
216.38.216.101 - - [12/Jul/2013:23:48:56 +0000] "GET / HTTP/1.0" 302 - "-" "Mozilla/5.0 (Macintosh; Intel Mac OS X 10_7_1) AppleWebkit/535.1 (KHTML, like Gecko) Chrome/13.0.782.215 Safari/535.1"
216.38.216.101 - - [12/Jul/2013:23:48:56 +0000] "GET /accounts/login/?next=/ HTTP/1.0" 200 6273 "-" "Mozilla/5.0 (Macintosh; Intel Mac OS X 10_7_1) AppleWebkit/535.1 (KHTML, like Gecko) Chrome/13.0.782.215 Safari/535.1"
216.38.216.101 - - [12/Jul/2013:23:48:56 +0000] "GET / HTTP/1.0" 302 - "-" "Mozilla/5.0 (Macintosh; Intel Mac OS X 10_7_1) AppleWebkit/535.1 (KHTML, like Gecko) Chrome/13.0.782.215 Safari/535.1"
216.38.216.101 - - [12/Jul/2013:23:48:56 +0000] "GET /accounts/login/?next=/ HTTP/1.0" 200 6273 "-" "Mozilla/5.0 (Macintosh; Intel Mac OS X 10_7_1) AppleWebkit/535.1 (KHTML, like Gecko) Chrome/13.0.782.215 Safari/535.1"
184.76.83.2 - - [12/Jul/2013:23:49:01 +0000] "GET /accounts/login/?next=/ HTTP/1.0" 200 6273 "https://www.google.com/" "Mozilla/5.0 (Windows NT 6.1; WOW64) AppleWebKit/537.36 (KHTML, like Gecko) Chrome/28.0.1500.71 Safari/537.36"
66.87.113.219 - - [12/Jul/2013:23:49:32 +0000] "POST /email/ HTTP/1.0" 200 6681 "http://www.politicrowd.com/accounts/login/?next=/" "Mozilla/5.0 (Linux; Android 4.2.2; SPH-L720 Build/JDQ39) AppleWebKit/537.36 (KHTML, like Gecko) Chrome/27.0.1453.90 Mobile Safari/537.36"
66.87.113.219 - - [12/Jul/2013:23:49:36 +0000] "GET /apple-touch-icon-precomposed.png HTTP/1.0" 404 5358 "-" "Mozilla/5.0 (Linux; Android 4.2.2; SPH-L720 Build/JDQ39) AppleWebKit/537.36 (KHTML, like Gecko) Chrome/27.0.1453.90 Mobile Safari/537.36"
66.87.113.219 - - [12/Jul/2013:23:49:36 +0000] "GET /apple-touch-icon.png HTTP/1.0" 404 5358 "-" "Mozilla/5.0 (Linux; Android 4.2.2; SPH-L720 Build/JDQ39) AppleWebKit/537.36 (KHTML, like Gecko) Chrome/27.0.1453.90 Mobile Safari/537.36"
66.87.113.219 - - [12/Jul/2013:23:49:42 +0000] "GET /apple-touch-icon-precomposed.png HTTP/1.0" 404 5358 "-" "Mozilla/5.0 (Linux; Android 4.2.2; SPH-L720 Build/JDQ39) AppleWebKit/537.36 (KHTML, like Gecko) Chrome/27.0.1453.90 Mobile Safari/537.36"
66.87.113.219 - - [12/Jul/2013:23:49:42 +0000] "GET /apple-touch-icon.png HTTP/1.0" 404 5358 "-" "Mozilla/5.0 (Linux; Android 4.2.2; SPH-L720 Build/JDQ39) AppleWebKit/537.36 (KHTML, like Gecko) Chrome/27.0.1453.90 Mobile Safari/537.36"
216.38.216.101 - - [12/Jul/2013:23:49:43 +0000] "GET / HTTP/1.0" 302 - "http://politicrowd.com/" "Mozilla/5.0 (Macintosh; Intel Mac OS X 10_7_1) AppleWebKit/535.1 (KHTML, like Gecko) Chrome/13.0.782.215 Safari/535.1"
216.38.216.101 - - [12/Jul/2013:23:49:43 +0000] "GET / HTTP/1.0" 302 - "http://www.politicrowd.com/" "Mozilla/5.0 (Macintosh; Intel Mac OS X 10_7_1) AppleWebKit/535.1 (KHTML, like Gecko) Chrome/13.0.782.215 Safari/535.1"
216.38.216.101 - - [12/Jul/2013:23:49:43 +0000] "GET /accounts/login/?next=/ HTTP/1.0" 200 6273 "http://politicrowd.com/accounts/login/?next=/" "Mozilla/5.0 (Macintosh; Intel Mac OS X 10_7_1) AppleWebKit/535.1 (KHTML, like Gecko) Chrome/13.0.782.215 Safari/535.1"
216.38.216.101 - - [12/Jul/2013:23:49:43 +0000] "GET /accounts/login/?next=/ HTTP/1.0" 200 6273 "http://www.politicrowd.com/accounts/login/?next=/" "Mozilla/5.0 (Macintosh; Intel Mac OS X 10_7_1) AppleWebKit/535.1 (KHTML, like Gecko) Chrome/13.0.782.215 Safari/535.1"
216.38.216.101 - - [12/Jul/2013:23:49:43 +0000] "GET /email/ HTTP/1.0" 500 538 "http://www.politicrowd.com/email/" "Mozilla/5.0 (Macintosh; Intel Mac OS X 10_7_1) AppleWebKit/535.1 (KHTML, like Gecko) Chrome/13.0.782.215 Safari/535.1"
50.137.154.75 - - [12/Jul/2013:23:49:44 +0000] "GET /demo/politician/ HTTP/1.0" 200 39512 "http://politicrowd.com/accounts/login/?next=/" "Mozilla/5.0 (iPad; CPU OS 6_1_3 like Mac OS X) AppleWebKit/536.26 (KHTML, like Gecko) Version/6.0 Mobile/10B329 Safari/8536.25"
216.38.216.101 - - [12/Jul/2013:23:49:45 +0000] "GET /email/ HTTP/1.0" 500 538 "-" "Mozilla/5.0 (Macintosh; Intel Mac OS X 10_7_1) AppleWebKit/535.1 (KHTML, like Gecko) Chrome/13.0.782.215 Safari/535.1"
66.87.113.219 - - [12/Jul/2013:23:49:48 +0000] "GET /apple-touch-icon-precomposed.png HTTP/1.0" 404 5358 "-" "Mozilla/5.0 (Linux; Android 4.2.2; SPH-L720 Build/JDQ39) AppleWebKit/537.36 (KHTML, like Gecko) Chrome/27.0.1453.90 Mobile Safari/537.36"
66.87.113.219 - - [12/Jul/2013:23:49:49 +0000] "GET /apple-touch-icon.png HTTP/1.0" 404 5358 "-" "Mozilla/5.0 (Linux; Android 4.2.2; SPH-L720 Build/JDQ39) AppleWebKit/537.36 (KHTML, like Gecko) Chrome/27.0.1453.90 Mobile Safari/537.36"
50.240.27.230 - - [12/Jul/2013:23:49:49 +0000] "GET /demo/politician/ HTTP/1.0" 200 39512 "http://www.politicrowd.com/about/" "Mozilla/5.0 (Macintosh; Intel Mac OS X 10_6_8) AppleWebKit/534.59.8 (KHTML, like Gecko) Version/5.1.9 Safari/534.59.8"
216.38.216.101 - - [12/Jul/2013:23:49:49 +0000] "GET / HTTP/1.0" 302 - "-" "Mozilla/5.0 (Macintosh; Intel Mac OS X 10_7_1) AppleWebkit/535.1 (KHTML, like Gecko) Chrome/13.0.782.215 Safari/535.1"
216.38.216.101 - - [12/Jul/2013:23:49:49 +0000] "GET /accounts/login/?next=/ HTTP/1.0" 200 6273 "-" "Mozilla/5.0 (Macintosh; Intel Mac OS X 10_7_1) AppleWebkit/535.1 (KHTML, like Gecko) Chrome/13.0.782.215 Safari/535.1"
216.38.216.101 - - [12/Jul/2013:23:49:49 +0000] "GET /email/ HTTP/1.0" 500 538 "-" "Mozilla/5.0 (Macintosh; Intel Mac OS X 10_7_1) AppleWebkit/535.1 (KHTML, like Gecko) Chrome/13.0.782.215 Safari/535.1"
216.38.216.101 - - [12/Jul/2013:23:49:50 +0000] "GET / HTTP/1.0" 302 - "-" "Mozilla/5.0 (Macintosh; Intel Mac OS X 10_7_1) AppleWebkit/535.1 (KHTML, like Gecko) Chrome/13.0.782.215 Safari/535.1"
216.38.216.101 - - [12/Jul/2013:23:49:50 +0000] "GET /accounts/login/?next=/ HTTP/1.0" 200 6273 "-" "Mozilla/5.0 (Macintosh; Intel Mac OS X 10_7_1) AppleWebkit/535.1 (KHTML, like Gecko) Chrome/13.0.782.215 Safari/535.1"
50.240.27.230 - - [12/Jul/2013:23:49:53 +0000] "GET /favicon.ico HTTP/1.0" 404 5358 "http://www.politicrowd.com/demo/politician/" "Mozilla/5.0 (Macintosh; Intel Mac OS X 10_6_8) AppleWebKit/534.59.8 (KHTML, like Gecko) Version/5.1.9 Safari/534.59.8"
66.87.113.219 - - [12/Jul/2013:23:49:59 +0000] "GET /apple-touch-icon-precomposed.png HTTP/1.0" 404 5358 "-" "Mozilla/5.0 (Linux; Android 4.2.2; SPH-L720 Build/JDQ39) AppleWebKit/537.36 (KHTML, like Gecko) Chrome/27.0.1453.90 Mobile Safari/537.36"
66.87.113.219 - - [12/Jul/2013:23:50:00 +0000] "GET /apple-touch-icon.png HTTP/1.0" 404 5358 "-" "Mozilla/5.0 (Linux; Android 4.2.2; SPH-L720 Build/JDQ39) AppleWebKit/537.36 (KHTML, like Gecko) Chrome/27.0.1453.90 Mobile Safari/537.36"
66.87.113.219 - - [12/Jul/2013:23:50:01 +0000] "GET /accounts/login/?next=/ HTTP/1.0" 200 6273 "https://www.google.com/" "Mozilla/5.0 (Linux; Android 4.2.2; SPH-L720 Build/JDQ39) AppleWebKit/537.36 (KHTML, like Gecko) Chrome/27.0.1453.90 Mobile Safari/537.36"
75.92.167.197 - - [12/Jul/2013:23:50:03 +0000] "GET / HTTP/1.0" 200 89287 "-" "Mozilla/5.0 (Macintosh; Intel Mac OS X 10_8_2) AppleWebKit/536.26.14 (KHTML, like Gecko) Version/6.0.1 Safari/536.26.14"
75.92.167.197 - - [12/Jul/2013:23:50:04 +0000] "GET /include/js/jquery.carouFredSel-6.2.0-packed.js HTTP/1.0" 404 5348 "http://politicrowd.com/" "Mozilla/5.0 (Macintosh; Intel Mac OS X 10_8_2) AppleWebKit/536.26.14 (KHTML, like Gecko) Version/6.0.1 Safari/536.26.14"
216.38.216.101 - - [12/Jul/2013:23:50:06 +0000] "GET / HTTP/1.0" 302 - "http://politicrowd.com/" "Mozilla/5.0 (Macintosh; Intel Mac OS X 10_7_1) AppleWebKit/535.1 (KHTML, like Gecko) Chrome/13.0.782.215 Safari/535.1"
216.38.216.101 - - [12/Jul/2013:23:50:06 +0000] "GET / HTTP/1.0" 302 - "http://www.politicrowd.com/" "Mozilla/5.0 (Macintosh; Intel Mac OS X 10_7_1) AppleWebKit/535.1 (KHTML, like Gecko) Chrome/13.0.782.215 Safari/535.1"
216.38.216.101 - - [12/Jul/2013:23:50:06 +0000] "GET /accounts/login/ HTTP/1.0" 200 6273 "http://www.politicrowd.com/accounts/login/" "Mozilla/5.0 (Macintosh; Intel Mac OS X 10_7_1) AppleWebKit/535.1 (KHTML, like Gecko) Chrome/13.0.782.215 Safari/535.1"
216.38.216.101 - - [12/Jul/2013:23:50:07 +0000] "GET /accounts/ HTTP/1.0" 404 5358 "http://www.politicrowd.com/accounts/" "Mozilla/5.0 (Macintosh; Intel Mac OS X 10_7_1) AppleWebKit/535.1 (KHTML, like Gecko) Chrome/13.0.782.215 Safari/535.1"
216.38.216.101 - - [12/Jul/2013:23:50:06 +0000] "GET /accounts/login/?next=/ HTTP/1.0" 200 6273 "http://politicrowd.com/accounts/login/?next=/" "Mozilla/5.0 (Macintosh; Intel Mac OS X 10_7_1) AppleWebKit/535.1 (KHTML, like Gecko) Chrome/13.0.782.215 Safari/535.1"
216.38.216.101 - - [12/Jul/2013:23:50:07 +0000] "GET /accounts/login/?next=/ HTTP/1.0" 200 6273 "http://www.politicrowd.com/accounts/login/?next=/" "Mozilla/5.0 (Macintosh; Intel Mac OS X 10_7_1) AppleWebKit/535.1 (KHTML, like Gecko) Chrome/13.0.782.215 Safari/535.1"
216.38.216.101 - - [12/Jul/2013:23:50:07 +0000] "GET /accounts/include/js/jquery.carouFredSel-6.2.0-packed.js HTTP/1.0" 404 5358 "http://www.politicrowd.com/accounts/include/js/jquery.carouFredSel-6.2.0-packed.js" "Mozilla/5.0 (Macintosh; Intel Mac OS X 10_7_1) AppleWebKit/535.1 (KHTML, like Gecko) Chrome/13.0.782.215 Safari/535.1"
66.87.113.219 - - [12/Jul/2013:23:50:08 +0000] "GET /apple-touch-icon-precomposed.png HTTP/1.0" 404 5358 "https://www.google.com/" "Mozilla/5.0 (Linux; Android 4.2.2; SPH-L720 Build/JDQ39) AppleWebKit/537.36 (KHTML, like Gecko) Chrome/27.0.1453.90 Mobile Safari/537.36"
216.38.216.101 - - [12/Jul/2013:23:50:08 +0000] "GET /accounts/login/ HTTP/1.0" 200 6273 "-" "Mozilla/5.0 (Macintosh; Intel Mac OS X 10_7_1) AppleWebKit/535.1 (KHTML, like Gecko) Chrome/13.0.782.215 Safari/535.1"
66.87.113.219 - - [12/Jul/2013:23:50:08 +0000] "GET /apple-touch-icon.png HTTP/1.0" 404 5358 "https://www.google.com/" "Mozilla/5.0 (Linux; Android 4.2.2; SPH-L720 Build/JDQ39) AppleWebKit/537.36 (KHTML, like Gecko) Chrome/27.0.1453.90 Mobile Safari/537.36"
50.240.27.230 - - [12/Jul/2013:23:50:10 +0000] "GET /demo/openletter/ HTTP/1.0" 200 62052 "http://www.politicrowd.com/demo/politician/" "Mozilla/5.0 (Macintosh; Intel Mac OS X 10_6_8) AppleWebKit/534.59.8 (KHTML, like Gecko) Version/5.1.9 Safari/534.59.8"
66.87.113.219 - - [12/Jul/2013:23:50:11 +0000] "GET /apple-touch-icon-precomposed.png HTTP/1.0" 404 5358 "https://www.google.com/" "Mozilla/5.0 (Linux; Android 4.2.2; SPH-L720 Build/JDQ39) AppleWebKit/537.36 (KHTML, like Gecko) Chrome/27.0.1453.90 Mobile Safari/537.36"
66.87.113.219 - - [12/Jul/2013:23:50:11 +0000] "GET /apple-touch-icon.png HTTP/1.0" 404 5358 "https://www.google.com/" "Mozilla/5.0 (Linux; Android 4.2.2; SPH-L720 Build/JDQ39) AppleWebKit/537.36 (KHTML, like Gecko) Chrome/27.0.1453.90 Mobile Safari/537.36"
216.38.216.101 - - [12/Jul/2013:23:50:12 +0000] "GET /accounts/login/ HTTP/1.0" 200 6273 "-" "Mozilla/5.0 (Macintosh; Intel Mac OS X 10_7_1) AppleWebkit/535.1 (KHTML, like Gecko) Chrome/13.0.782.215 Safari/535.1"
216.38.216.101 - - [12/Jul/2013:23:50:12 +0000] "GET / HTTP/1.0" 302 - "-" "Mozilla/5.0 (Macintosh; Intel Mac OS X 10_7_1) AppleWebkit/535.1 (KHTML, like Gecko) Chrome/13.0.782.215 Safari/535.1"
216.38.216.101 - - [12/Jul/2013:23:50:12 +0000] "GET /accounts/login/?next=/ HTTP/1.0" 200 6273 "-" "Mozilla/5.0 (Macintosh; Intel Mac OS X 10_7_1) AppleWebkit/535.1 (KHTML, like Gecko) Chrome/13.0.782.215 Safari/535.1"
216.38.216.101 - - [12/Jul/2013:23:50:13 +0000] "GET / HTTP/1.0" 302 - "-" "Mozilla/5.0 (Macintosh; Intel Mac OS X 10_7_1) AppleWebkit/535.1 (KHTML, like Gecko) Chrome/13.0.782.215 Safari/535.1"
216.38.216.101 - - [12/Jul/2013:23:50:13 +0000] "GET /accounts/login/?next=/ HTTP/1.0" 200 6273 "-" "Mozilla/5.0 (Macintosh; Intel Mac OS X 10_7_1) AppleWebkit/535.1 (KHTML, like Gecko) Chrome/13.0.782.215 Safari/535.1"
50.137.154.75 - - [12/Jul/2013:23:50:38 +0000] "GET /demo/openletter/ HTTP/1.0" 200 62052 "http://politicrowd.com/demo/politician/" "Mozilla/5.0 (iPad; CPU OS 6_1_3 like Mac OS X) AppleWebKit/536.26 (KHTML, like Gecko) Version/6.0 Mobile/10B329 Safari/8536.25"
184.76.58.251 - - [12/Jul/2013:23:50:41 +0000] "GET / HTTP/1.0" 302 - "-" "Mozilla/5.0 (iPod; CPU iPhone OS 6_1_3 like Mac OS X) AppleWebKit/536.26 (KHTML, like Gecko) Version/6.0 Mobile/10B329 Safari/8536.25"
184.76.58.251 - - [12/Jul/2013:23:50:41 +0000] "GET /accounts/login/?next=/ HTTP/1.0" 200 6273 "-" "Mozilla/5.0 (iPod; CPU iPhone OS 6_1_3 like Mac OS X) AppleWebKit/536.26 (KHTML, like Gecko) Version/6.0 Mobile/10B329 Safari/8536.25"
24.22.85.214 - - [12/Jul/2013:23:51:30 +0000] "GET / HTTP/1.0" 302 - "-" "Mozilla/5.0 (Macintosh; Intel Mac OS X 10_8_4) AppleWebKit/536.30.1 (KHTML, like Gecko) Version/6.0.5 Safari/536.30.1"
24.22.85.214 - - [12/Jul/2013:23:51:30 +0000] "GET /accounts/login/?next=/ HTTP/1.0" 200 6273 "-" "Mozilla/5.0 (Macintosh; Intel Mac OS X 10_8_4) AppleWebKit/536.30.1 (KHTML, like Gecko) Version/6.0.5 Safari/536.30.1"
98.246.200.91 - - [12/Jul/2013:23:52:09 +0000] "GET / HTTP/1.0" 302 - "-" "Mozilla/5.0 (Macintosh; Intel Mac OS X 10_8_2) AppleWebKit/536.26.14 (KHTML, like Gecko) Version/6.0.1 Safari/536.26.14"
98.246.200.91 - - [12/Jul/2013:23:52:09 +0000] "GET /accounts/login/?next=/ HTTP/1.0" 200 6273 "-" "Mozilla/5.0 (Macintosh; Intel Mac OS X 10_8_2) AppleWebKit/536.26.14 (KHTML, like Gecko) Version/6.0.1 Safari/536.26.14"
98.246.200.91 - - [12/Jul/2013:23:52:12 +0000] "GET /admin/ HTTP/1.0" 200 2050 "-" "Mozilla/5.0 (Macintosh; Intel Mac OS X 10_8_2) AppleWebKit/536.26.14 (KHTML, like Gecko) Version/6.0.1 Safari/536.26.14"
98.246.200.91 - - [12/Jul/2013:23:52:24 +0000] "POST /admin/ HTTP/1.0" 302 - "http://politicrowd.com/admin/" "Mozilla/5.0 (Macintosh; Intel Mac OS X 10_8_2) AppleWebKit/536.26.14 (KHTML, like Gecko) Version/6.0.1 Safari/536.26.14"
98.246.200.91 - - [12/Jul/2013:23:52:25 +0000] "GET /admin/ HTTP/1.0" 200 14597 "http://politicrowd.com/admin/" "Mozilla/5.0 (Macintosh; Intel Mac OS X 10_8_2) AppleWebKit/536.26.14 (KHTML, like Gecko) Version/6.0.1 Safari/536.26.14"
98.246.200.91 - - [12/Jul/2013:23:52:34 +0000] "GET /admin/politics/email/ HTTP/1.0" 200 7754 "http://politicrowd.com/admin/" "Mozilla/5.0 (Macintosh; Intel Mac OS X 10_8_2) AppleWebKit/536.26.14 (KHTML, like Gecko) Version/6.0.1 Safari/536.26.14"
98.246.200.91 - - [12/Jul/2013:23:52:34 +0000] "GET /admin/jsi18n/ HTTP/1.0" 200 2158 "http://politicrowd.com/admin/politics/email/" "Mozilla/5.0 (Macintosh; Intel Mac OS X 10_8_2) AppleWebKit/536.26.14 (KHTML, like Gecko) Version/6.0.1 Safari/536.26.14"
128.220.159.83 - - [12/Jul/2013:23:52:50 +0000] "GET / HTTP/1.0" 302 - "https://www.google.com/" "Mozilla/5.0 (Macintosh; Intel Mac OS X 10_8_4) AppleWebKit/537.36 (KHTML, like Gecko) Chrome/27.0.1453.116 Safari/537.36"
128.220.159.83 - - [12/Jul/2013:23:52:50 +0000] "GET /accounts/login/?next=/ HTTP/1.0" 200 6273 "https://www.google.com/" "Mozilla/5.0 (Macintosh; Intel Mac OS X 10_8_4) AppleWebKit/537.36 (KHTML, like Gecko) Chrome/27.0.1453.116 Safari/537.36"
128.220.159.83 - - [12/Jul/2013:23:52:58 +0000] "GET / HTTP/1.0" 302 - "-" "Mozilla/5.0 (Macintosh; Intel Mac OS X 10_8_4) AppleWebKit/537.36 (KHTML, like Gecko) Chrome/27.0.1453.116 Safari/537.36"
128.220.159.83 - - [12/Jul/2013:23:52:58 +0000] "GET /accounts/login/?next=/ HTTP/1.0" 200 6273 "-" "Mozilla/5.0 (Macintosh; Intel Mac OS X 10_8_4) AppleWebKit/537.36 (KHTML, like Gecko) Chrome/27.0.1453.116 Safari/537.36"
98.246.200.91 - - [12/Jul/2013:23:53:14 +0000] "GET /admin/politics/email/20/ HTTP/1.0" 200 3614 "http://politicrowd.com/admin/politics/email/" "Mozilla/5.0 (Macintosh; Intel Mac OS X 10_8_2) AppleWebKit/536.26.14 (KHTML, like Gecko) Version/6.0.1 Safari/536.26.14"
98.246.200.91 - - [12/Jul/2013:23:53:14 +0000] "GET /admin/jsi18n/ HTTP/1.0" 200 2158 "http://politicrowd.com/admin/politics/email/20/" "Mozilla/5.0 (Macintosh; Intel Mac OS X 10_8_2) AppleWebKit/536.26.14 (KHTML, like Gecko) Version/6.0.1 Safari/536.26.14"
128.220.159.83 - - [12/Jul/2013:23:53:23 +0000] "GET / HTTP/1.0" 302 - "https://www.facebook.com/" "Mozilla/5.0 (Macintosh; Intel Mac OS X 10_8_4) AppleWebKit/537.36 (KHTML, like Gecko) Chrome/27.0.1453.116 Safari/537.36"
128.220.159.83 - - [12/Jul/2013:23:53:23 +0000] "GET /accounts/login/?next=/ HTTP/1.0" 200 6273 "https://www.facebook.com/" "Mozilla/5.0 (Macintosh; Intel Mac OS X 10_8_4) AppleWebKit/537.36 (KHTML, like Gecko) Chrome/27.0.1453.116 Safari/537.36"
174.239.228.207 - - [12/Jul/2013:23:53:24 +0000] "GET /accounts/login/?next=/ HTTP/1.0" 200 6273 "-" "Mozilla/5.0 (iPhone; CPU iPhone OS 6_0_1 like Mac OS X) AppleWebKit/536.26 (KHTML, like Gecko) Version/6.0 Mobile/10A523 Safari/8536.25"
128.220.159.83 - - [12/Jul/2013:23:53:31 +0000] "GET /about/ HTTP/1.0" 200 8029 "http://www.politicrowd.com/accounts/login/?next=/" "Mozilla/5.0 (Macintosh; Intel Mac OS X 10_8_4) AppleWebKit/537.36 (KHTML, like Gecko) Chrome/27.0.1453.116 Safari/537.36"
128.220.159.83 - - [12/Jul/2013:23:53:31 +0000] "GET /about/include/js/jquery.carouFredSel-6.2.0-packed.js HTTP/1.0" 404 5358 "http://www.politicrowd.com/about/" "Mozilla/5.0 (Macintosh; Intel Mac OS X 10_8_4) AppleWebKit/537.36 (KHTML, like Gecko) Chrome/27.0.1453.116 Safari/537.36"
199.21.99.117 - - [12/Jul/2013:23:55:14 +0000] "GET /accounts/login/?next=/ HTTP/1.0" 200 6273 "-" "Mozilla/5.0 (compatible; YandexBot/3.0; +http://yandex.com/bots)"
71.237.202.163 - - [12/Jul/2013:23:55:42 +0000] "GET /about/ HTTP/1.0" 200 8029 "http://www.politicrowd.com/accounts/login/?next=/" "Mozilla/5.0 (Macintosh; Intel Mac OS X 10_8_4) AppleWebKit/536.30.1 (KHTML, like Gecko) Version/6.0.5 Safari/536.30.1"
71.237.229.25 - - [12/Jul/2013:23:55:42 +0000] "GET / HTTP/1.0" 302 - "-" "Mozilla/5.0 (iPhone; CPU iPhone OS 6_0_1 like Mac OS X) AppleWebKit/536.26 (KHTML, like Gecko) Version/6.0 Mobile/10A523 Safari/8536.25"
71.237.229.25 - - [12/Jul/2013:23:55:43 +0000] "GET /accounts/login/?next=/ HTTP/1.0" 200 6273 "-" "Mozilla/5.0 (iPhone; CPU iPhone OS 6_0_1 like Mac OS X) AppleWebKit/536.26 (KHTML, like Gecko) Version/6.0 Mobile/10A523 Safari/8536.25"
71.237.202.163 - - [12/Jul/2013:23:55:43 +0000] "GET /about/include/js/jquery.carouFredSel-6.2.0-packed.js HTTP/1.0" 404 5358 "http://www.politicrowd.com/about/" "Mozilla/5.0 (Macintosh; Intel Mac OS X 10_8_4) AppleWebKit/536.30.1 (KHTML, like Gecko) Version/6.0.5 Safari/536.30.1"
24.22.85.214 - - [12/Jul/2013:23:56:45 +0000] "GET / HTTP/1.0" 302 - "-" "Mozilla/5.0 (Macintosh; Intel Mac OS X 10_8_4) AppleWebKit/536.30.1 (KHTML, like Gecko) Version/6.0.5 Safari/536.30.1"
24.22.85.214 - - [12/Jul/2013:23:56:45 +0000] "GET /accounts/login/?next=/ HTTP/1.0" 200 6273 "-" "Mozilla/5.0 (Macintosh; Intel Mac OS X 10_8_4) AppleWebKit/536.30.1 (KHTML, like Gecko) Version/6.0.5 Safari/536.30.1"
208.54.32.196 - - [12/Jul/2013:23:57:10 +0000] "GET / HTTP/1.0" 302 - "-" "Mozilla/5.0 (iPhone; CPU iPhone OS 6_1_3 like Mac OS X) AppleWebKit/536.26 (KHTML, like Gecko) Version/6.0 Mobile/10B329 Safari/8536.25"
208.54.32.196 - - [12/Jul/2013:23:57:10 +0000] "GET /accounts/login/?next=/ HTTP/1.0" 200 6273 "-" "Mozilla/5.0 (iPhone; CPU iPhone OS 6_1_3 like Mac OS X) AppleWebKit/536.26 (KHTML, like Gecko) Version/6.0 Mobile/10B329 Safari/8536.25"
66.87.113.219 - - [12/Jul/2013:23:57:14 +0000] "GET /accounts/login/?next=/ HTTP/1.0" 200 6273 "https://www.google.com/" "Mozilla/5.0 (Linux; Android 4.2.2; SPH-L720 Build/JDQ39) AppleWebKit/537.36 (KHTML, like Gecko) Chrome/27.0.1453.90 Mobile Safari/537.36"
174.51.227.63 - - [12/Jul/2013:23:57:24 +0000] "GET / HTTP/1.0" 302 - "https://www.facebook.com/" "Mozilla/5.0 (Macintosh; Intel Mac OS X 10_8_4) AppleWebKit/536.30.1 (KHTML, like Gecko) Version/6.0.5 Safari/536.30.1"
174.51.227.63 - - [12/Jul/2013:23:57:24 +0000] "GET /accounts/login/?next=/ HTTP/1.0" 200 6273 "-" "Mozilla/5.0 (Macintosh; Intel Mac OS X 10_8_4) AppleWebKit/536.30.1 (KHTML, like Gecko) Version/6.0.5 Safari/536.30.1"
208.54.32.196 - - [12/Jul/2013:23:57:38 +0000] "GET /about/ HTTP/1.0" 200 8029 "http://www.politicrowd.com/accounts/login/?next=/" "Mozilla/5.0 (iPhone; CPU iPhone OS 6_1_3 like Mac OS X) AppleWebKit/536.26 (KHTML, like Gecko) Version/6.0 Mobile/10B329 Safari/8536.25"
208.54.32.196 - - [12/Jul/2013:23:57:38 +0000] "GET /about/include/js/jquery.carouFredSel-6.2.0-packed.js HTTP/1.0" 404 5358 "http://www.politicrowd.com/about/" "Mozilla/5.0 (iPhone; CPU iPhone OS 6_1_3 like Mac OS X) AppleWebKit/536.26 (KHTML, like Gecko) Version/6.0 Mobile/10B329 Safari/8536.25"
91.121.139.228 - - [12/Jul/2013:23:59:09 +0000] "GET /robots.txt HTTP/1.0" 404 5358 "-" "Mozilla/5.0 (compatible; MJ12bot/v1.4.3; http://www.majestic12.co.uk/bot.php?+)"
91.121.139.228 - - [12/Jul/2013:23:59:10 +0000] "GET /demo/openletter HTTP/1.0" 301 - "-" "Mozilla/5.0 (compatible; MJ12bot/v1.4.3; http://www.majestic12.co.uk/bot.php?+)"
91.121.139.228 - - [12/Jul/2013:23:59:12 +0000] "GET /demo/openletter/ HTTP/1.0" 200 62052 "-" "Mozilla/5.0 (compatible; MJ12bot/v1.4.3; http://www.majestic12.co.uk/bot.php?+)"
91.121.139.228 - - [12/Jul/2013:23:59:15 +0000] "GET /demo/politician HTTP/1.0" 301 - "-" "Mozilla/5.0 (compatible; MJ12bot/v1.4.3; http://www.majestic12.co.uk/bot.php?+)"
208.54.32.196 - - [12/Jul/2013:23:59:16 +0000] "GET /accounts/login/?next=/ HTTP/1.0" 200 6273 "-" "Mozilla/5.0 (iPhone; CPU iPhone OS 6_1_3 like Mac OS X) AppleWebKit/536.26 (KHTML, like Gecko) Version/6.0 Mobile/10B329 Safari/8536.25"
91.121.139.228 - - [12/Jul/2013:23:59:17 +0000] "GET /demo/politician/ HTTP/1.0" 200 39512 "-" "Mozilla/5.0 (compatible; MJ12bot/v1.4.3; http://www.majestic12.co.uk/bot.php?+)"
91.121.139.228 - - [12/Jul/2013:23:59:19 +0000] "GET /volunteer HTTP/1.0" 301 - "-" "Mozilla/5.0 (compatible; MJ12bot/v1.4.3; http://www.majestic12.co.uk/bot.php?+)"
91.121.139.228 - - [12/Jul/2013:23:59:21 +0000] "GET /volunteer/ HTTP/1.0" 200 4268 "-" "Mozilla/5.0 (compatible; MJ12bot/v1.4.3; http://www.majestic12.co.uk/bot.php?+)"
24.22.85.214 - - [13/Jul/2013:00:05:55 +0000] "GET / HTTP/1.0" 302 - "-" "Mozilla/5.0 (Macintosh; Intel Mac OS X 10_8_4) AppleWebKit/536.30.1 (KHTML, like Gecko) Version/6.0.5 Safari/536.30.1"
24.22.85.214 - - [13/Jul/2013:00:05:55 +0000] "GET /accounts/login/?next=/ HTTP/1.0" 200 6273 "-" "Mozilla/5.0 (Macintosh; Intel Mac OS X 10_8_4) AppleWebKit/536.30.1 (KHTML, like Gecko) Version/6.0.5 Safari/536.30.1"
24.22.85.214 - - [13/Jul/2013:00:06:14 +0000] "GET / HTTP/1.0" 302 - "http://www.google.com/url?sa=t&rct=j&q=&esrc=s&source=web&cd=1&ved=0CC0QFjAA&url=http%3A%2F%2Fwww.politicrowd.com%2F&ei=8ZngUYDoFMzriQLb_IDIBw&usg=AFQjCNFghshNHw3IpvC7KTFA6EQZNCYxZw&sig2=gljRUSKGppB4_GUaow9zJw&bvm=bv.48705608,d.cGE" "Mozilla/5.0 (Macintosh; Intel Mac OS X 10_8_4) AppleWebKit/536.30.1 (KHTML, like Gecko) Version/6.0.5 Safari/536.30.1"
24.22.85.214 - - [13/Jul/2013:00:06:14 +0000] "GET /accounts/login/?next=/ HTTP/1.0" 200 6273 "http://www.google.com/url?sa=t&rct=j&q=&esrc=s&source=web&cd=1&ved=0CC0QFjAA&url=http%3A%2F%2Fwww.politicrowd.com%2F&ei=8ZngUYDoFMzriQLb_IDIBw&usg=AFQjCNFghshNHw3IpvC7KTFA6EQZNCYxZw&sig2=gljRUSKGppB4_GUaow9zJw&bvm=bv.48705608,d.cGE" "Mozilla/5.0 (Macintosh; Intel Mac OS X 10_8_4) AppleWebKit/536.30.1 (KHTML, like Gecko) Version/6.0.5 Safari/536.30.1"
24.22.85.214 - - [13/Jul/2013:00:13:22 +0000] "GET /about/ HTTP/1.0" 200 8029 "http://www.politicrowd.com/accounts/login/?next=/" "Mozilla/5.0 (Macintosh; Intel Mac OS X 10_8_4) AppleWebKit/536.30.1 (KHTML, like Gecko) Version/6.0.5 Safari/536.30.1"
24.22.85.214 - - [13/Jul/2013:00:13:23 +0000] "GET /about/include/js/jquery.carouFredSel-6.2.0-packed.js HTTP/1.0" 404 5358 "http://www.politicrowd.com/about/" "Mozilla/5.0 (Macintosh; Intel Mac OS X 10_8_4) AppleWebKit/536.30.1 (KHTML, like Gecko) Version/6.0.5 Safari/536.30.1"
174.239.228.207 - - [13/Jul/2013:00:16:45 +0000] "GET / HTTP/1.0" 302 - "http://www.kgw.com/on-tv/news-link" "Mozilla/5.0 (iPhone; CPU iPhone OS 6_0_1 like Mac OS X) AppleWebKit/536.26 (KHTML, like Gecko) Version/6.0 Mobile/10A523 Safari/8536.25"
174.239.228.207 - - [13/Jul/2013:00:16:45 +0000] "GET /accounts/login/?next=/ HTTP/1.0" 200 6273 "http://www.kgw.com/on-tv/news-link" "Mozilla/5.0 (iPhone; CPU iPhone OS 6_0_1 like Mac OS X) AppleWebKit/536.26 (KHTML, like Gecko) Version/6.0 Mobile/10A523 Safari/8536.25"
67.171.177.102 - - [13/Jul/2013:00:19:47 +0000] "GET /login HTTP/1.0" 301 - "http://appsforworkinggov.challengepost.com/submissions/16163-politicrowd" "Mozilla/5.0 (Windows NT 6.2; WOW64) AppleWebKit/537.36 (KHTML, like Gecko) Chrome/27.0.1453.116 Safari/537.36"
67.171.177.102 - - [13/Jul/2013:00:19:47 +0000] "GET /login/ HTTP/1.0" 200 11261 "http://appsforworkinggov.challengepost.com/submissions/16163-politicrowd" "Mozilla/5.0 (Windows NT 6.2; WOW64) AppleWebKit/537.36 (KHTML, like Gecko) Chrome/27.0.1453.116 Safari/537.36"
67.171.177.102 - - [13/Jul/2013:00:19:48 +0000] "GET /login/include/js/jquery.carouFredSel-6.2.0-packed.js HTTP/1.0" 404 5358 "http://www.politicrowd.com/login/" "Mozilla/5.0 (Windows NT 6.2; WOW64) AppleWebKit/537.36 (KHTML, like Gecko) Chrome/27.0.1453.116 Safari/537.36"
