50.139.56.32 - - [14/Jul/2013:03:09:31 +0000] "GET / HTTP/1.0" 302 - "-" "Mozilla/5.0 (Macintosh; Intel Mac OS X 10_9) AppleWebKit/537.48.3 (KHTML, like Gecko) Version/7.0 Safari/537.48.3"
50.139.56.32 - - [14/Jul/2013:03:09:31 +0000] "GET /accounts/login/?next=/ HTTP/1.0" 200 6273 "-" "Mozilla/5.0 (Macintosh; Intel Mac OS X 10_9) AppleWebKit/537.48.3 (KHTML, like Gecko) Version/7.0 Safari/537.48.3"
66.249.73.225 - - [14/Jul/2013:03:13:21 +0000] "GET /politicians/ HTTP/1.0" 302 - "-" "Mozilla/5.0 (compatible; Googlebot/2.1; +http://www.google.com/bot.html)"
66.249.73.225 - - [14/Jul/2013:03:13:21 +0000] "GET /accounts/login/?next=/politicians/ HTTP/1.0" 200 6273 "-" "Mozilla/5.0 (compatible; Googlebot/2.1; +http://www.google.com/bot.html)"
76.105.208.224 - - [14/Jul/2013:03:13:32 +0000] "GET /about/ HTTP/1.0" 200 8029 "-" "Mozilla/5.0 (iPhone; CPU iPhone OS 7_0 like Mac OS X) AppleWebKit/537.46 (KHTML, like Gecko) Version/6.0 Mobile/11A4414e Safari/8536.25"
66.87.112.187 - - [14/Jul/2013:03:25:03 +0000] "GET /about/ HTTP/1.0" 200 8029 "-" "Mozilla/5.0 (Linux; U; Android 4.1.2; en-us; SPH-L710 Build/JZO54K) AppleWebKit/534.30 (KHTML, like Gecko) Version/4.0 Mobile Safari/534.30"
66.87.112.187 - - [14/Jul/2013:03:25:04 +0000] "GET /about/include/js/jquery.carouFredSel-6.2.0-packed.js HTTP/1.0" 404 5358 "-" "Mozilla/5.0 (Linux; U; Android 4.1.2; en-us; SPH-L710 Build/JZO54K) AppleWebKit/534.30 (KHTML, like Gecko) Version/4.0 Mobile Safari/534.30"
66.87.112.187 - - [14/Jul/2013:03:25:09 +0000] "GET /about/include/js/jquery.carouFredSel-6.2.0-packed.js HTTP/1.0" 404 5358 "http://www.politicrowd.com/about/" "Mozilla/5.0 (Linux; U; Android 4.1.2; en-us; SPH-L710 Build/JZO54K) AppleWebKit/534.30 (KHTML, like Gecko) Version/4.0 Mobile Safari/534.30"
66.249.73.225 - - [14/Jul/2013:03:41:00 +0000] "GET / HTTP/1.0" 302 - "-" "Mozilla/5.0 (compatible; Googlebot/2.1; +http://www.google.com/bot.html)"
66.249.73.225 - - [14/Jul/2013:03:41:00 +0000] "GET /accounts/login/?next=/ HTTP/1.0" 200 6273 "-" "Mozilla/5.0 (compatible; Googlebot/2.1; +http://www.google.com/bot.html)"
174.125.13.210 - - [14/Jul/2013:03:51:33 +0000] "GET / HTTP/1.0" 302 - "http://www.kezi.com/newslinks/" "Mozilla/5.0 (Windows NT 6.1; WOW64) AppleWebKit/537.36 (KHTML, like Gecko) Chrome/28.0.1500.72 Safari/537.36"
174.125.13.210 - - [14/Jul/2013:03:51:33 +0000] "GET /accounts/login/?next=/ HTTP/1.0" 200 6273 "http://www.kezi.com/newslinks/" "Mozilla/5.0 (Windows NT 6.1; WOW64) AppleWebKit/537.36 (KHTML, like Gecko) Chrome/28.0.1500.72 Safari/537.36"
24.130.40.89 - - [14/Jul/2013:04:00:18 +0000] "GET / HTTP/1.0" 302 - "https://m.facebook.com" "Mozilla/5.0 (iPhone; CPU iPhone OS 6_1_3 like Mac OS X) AppleWebKit/536.26 (KHTML, like Gecko) Mobile/10B329 [FBAN/FBIOS;FBAV/6.3;FBBV/257209;FBDV/iPhone3,1;FBMD/iPhone;FBSN/iPhone OS;FBSV/6.1.3;FBSS/2; FBCR/AT&T;FBID/phone;FBLC/en_US;FBOP/1]"
24.130.40.89 - - [14/Jul/2013:04:00:18 +0000] "GET /accounts/login/?next=/ HTTP/1.0" 200 6273 "https://m.facebook.com" "Mozilla/5.0 (iPhone; CPU iPhone OS 6_1_3 like Mac OS X) AppleWebKit/536.26 (KHTML, like Gecko) Mobile/10B329 [FBAN/FBIOS;FBAV/6.3;FBBV/257209;FBDV/iPhone3,1;FBMD/iPhone;FBSN/iPhone OS;FBSV/6.1.3;FBSS/2; FBCR/AT&T;FBID/phone;FBLC/en_US;FBOP/1]"
24.130.40.89 - - [14/Jul/2013:04:00:18 +0000] "GET /accounts/login/?next=/ HTTP/1.0" 200 6273 "-" "Mozilla/5.0 (iPhone; CPU iPhone OS 6_1_3 like Mac OS X) AppleWebKit/536.26 (KHTML, like Gecko) Mobile/10B329 [FBAN/FBIOS;FBAV/6.3;FBBV/257209;FBDV/iPhone3,1;FBMD/iPhone;FBSN/iPhone OS;FBSV/6.1.3;FBSS/2; FBCR/AT&T;FBID/phone;FBLC/en_US;FBOP/1]"
75.92.167.197 - - [14/Jul/2013:05:12:12 +0000] "GET / HTTP/1.0" 200 83811 "-" "Mozilla/5.0 (Macintosh; Intel Mac OS X 10_8_2) AppleWebKit/536.26.14 (KHTML, like Gecko) Version/6.0.1 Safari/536.26.14"
75.92.167.197 - - [14/Jul/2013:05:12:13 +0000] "GET /include/js/jquery.carouFredSel-6.2.0-packed.js HTTP/1.0" 404 5348 "http://politicrowd.com/" "Mozilla/5.0 (Macintosh; Intel Mac OS X 10_8_2) AppleWebKit/536.26.14 (KHTML, like Gecko) Version/6.0.1 Safari/536.26.14"
75.92.167.197 - - [14/Jul/2013:05:12:22 +0000] "GET /admin/ HTTP/1.0" 200 14407 "-" "Mozilla/5.0 (Macintosh; Intel Mac OS X 10_8_2) AppleWebKit/536.26.14 (KHTML, like Gecko) Version/6.0.1 Safari/536.26.14"
75.92.167.197 - - [14/Jul/2013:05:12:33 +0000] "GET /admin/mailchimp/campaign/ HTTP/1.0" 500 538 "http://politicrowd.com/admin/" "Mozilla/5.0 (Macintosh; Intel Mac OS X 10_8_2) AppleWebKit/536.26.14 (KHTML, like Gecko) Version/6.0.1 Safari/536.26.14"
75.92.167.197 - - [14/Jul/2013:05:12:50 +0000] "GET /admin/registration/registrationprofile/ HTTP/1.0" 200 3599 "http://politicrowd.com/admin/" "Mozilla/5.0 (Macintosh; Intel Mac OS X 10_8_2) AppleWebKit/536.26.14 (KHTML, like Gecko) Version/6.0.1 Safari/536.26.14"
75.92.167.197 - - [14/Jul/2013:05:12:51 +0000] "GET /admin/jsi18n/ HTTP/1.0" 200 2158 "http://politicrowd.com/admin/registration/registrationprofile/" "Mozilla/5.0 (Macintosh; Intel Mac OS X 10_8_2) AppleWebKit/536.26.14 (KHTML, like Gecko) Version/6.0.1 Safari/536.26.14"
75.92.167.197 - - [14/Jul/2013:05:13:00 +0000] "GET /admin/politics/volunteer/ HTTP/1.0" 200 4377 "http://politicrowd.com/admin/" "Mozilla/5.0 (Macintosh; Intel Mac OS X 10_8_2) AppleWebKit/536.26.14 (KHTML, like Gecko) Version/6.0.1 Safari/536.26.14"
75.92.167.197 - - [14/Jul/2013:05:13:00 +0000] "GET /admin/jsi18n/ HTTP/1.0" 200 2158 "http://politicrowd.com/admin/politics/volunteer/" "Mozilla/5.0 (Macintosh; Intel Mac OS X 10_8_2) AppleWebKit/536.26.14 (KHTML, like Gecko) Version/6.0.1 Safari/536.26.14"
75.92.167.197 - - [14/Jul/2013:05:13:24 +0000] "GET /admin/auth/user/ HTTP/1.0" 200 35981 "http://politicrowd.com/admin/" "Mozilla/5.0 (Macintosh; Intel Mac OS X 10_8_2) AppleWebKit/536.26.14 (KHTML, like Gecko) Version/6.0.1 Safari/536.26.14"
75.92.167.197 - - [14/Jul/2013:05:13:24 +0000] "GET /admin/jsi18n/ HTTP/1.0" 200 2158 "http://politicrowd.com/admin/auth/user/" "Mozilla/5.0 (Macintosh; Intel Mac OS X 10_8_2) AppleWebKit/536.26.14 (KHTML, like Gecko) Version/6.0.1 Safari/536.26.14"
75.92.167.197 - - [14/Jul/2013:05:14:29 +0000] "GET /admin/auth/user/?all= HTTP/1.0" 200 45242 "http://politicrowd.com/admin/auth/user/" "Mozilla/5.0 (Macintosh; Intel Mac OS X 10_8_2) AppleWebKit/536.26.14 (KHTML, like Gecko) Version/6.0.1 Safari/536.26.14"
75.92.167.197 - - [14/Jul/2013:05:14:29 +0000] "GET /admin/jsi18n/ HTTP/1.0" 200 2158 "http://politicrowd.com/admin/auth/user/?all=" "Mozilla/5.0 (Macintosh; Intel Mac OS X 10_8_2) AppleWebKit/536.26.14 (KHTML, like Gecko) Version/6.0.1 Safari/536.26.14"
66.249.73.117 - - [14/Jul/2013:05:16:37 +0000] "GET /robots.txt HTTP/1.0" 404 5358 "-" "Mozilla/5.0 (compatible; Googlebot/2.1; +http://www.google.com/bot.html)"
66.249.73.117 - - [14/Jul/2013:05:16:37 +0000] "GET / HTTP/1.0" 302 - "-" "Mozilla/5.0 (compatible; Googlebot/2.1; +http://www.google.com/bot.html)"
66.249.73.117 - - [14/Jul/2013:05:16:41 +0000] "GET /accounts/login/?next=/ HTTP/1.0" 200 6273 "-" "Mozilla/5.0 (compatible; Googlebot/2.1; +http://www.google.com/bot.html)"
24.130.40.89 - - [14/Jul/2013:05:18:33 +0000] "GET / HTTP/1.0" 302 - "https://www.facebook.com/" "Mozilla/5.0 (Windows NT 6.2; WOW64) AppleWebKit/537.36 (KHTML, like Gecko) Chrome/28.0.1500.72 Safari/537.36"
24.130.40.89 - - [14/Jul/2013:05:18:33 +0000] "GET /accounts/login/?next=/ HTTP/1.0" 200 6273 "https://www.facebook.com/" "Mozilla/5.0 (Windows NT 6.2; WOW64) AppleWebKit/537.36 (KHTML, like Gecko) Chrome/28.0.1500.72 Safari/537.36"
76.105.209.218 - - [14/Jul/2013:05:48:51 +0000] "GET / HTTP/1.0" 302 - "-" "Mozilla/5.0 (iPhone; CPU iPhone OS 6_1_3 like Mac OS X) AppleWebKit/536.26 (KHTML, like Gecko) Version/6.0 Mobile/10B329 Safari/8536.25"
76.105.209.218 - - [14/Jul/2013:05:48:51 +0000] "GET /accounts/login/?next=/ HTTP/1.0" 200 6273 "-" "Mozilla/5.0 (iPhone; CPU iPhone OS 6_1_3 like Mac OS X) AppleWebKit/536.26 (KHTML, like Gecko) Version/6.0 Mobile/10B329 Safari/8536.25"
75.92.167.197 - - [14/Jul/2013:06:11:01 +0000] "GET / HTTP/1.0" 200 83811 "-" "Mozilla/5.0 (Macintosh; Intel Mac OS X 10_8_2) AppleWebKit/536.26.14 (KHTML, like Gecko) Version/6.0.1 Safari/536.26.14"
75.92.167.197 - - [14/Jul/2013:06:11:14 +0000] "GET /include/js/jquery.carouFredSel-6.2.0-packed.js HTTP/1.0" 404 5348 "http://politicrowd.com/" "Mozilla/5.0 (Macintosh; Intel Mac OS X 10_8_2) AppleWebKit/536.26.14 (KHTML, like Gecko) Version/6.0.1 Safari/536.26.14"
50.53.98.167 - - [14/Jul/2013:06:20:05 +0000] "GET / HTTP/1.0" 302 - "-" "Mozilla/5.0 (Windows NT 6.2; WOW64) AppleWebKit/537.36 (KHTML, like Gecko) Chrome/28.0.1500.71 Safari/537.36"
50.53.98.167 - - [14/Jul/2013:06:20:05 +0000] "GET /accounts/login/?next=/ HTTP/1.0" 200 6273 "-" "Mozilla/5.0 (Windows NT 6.2; WOW64) AppleWebKit/537.36 (KHTML, like Gecko) Chrome/28.0.1500.71 Safari/537.36"
67.171.212.135 - - [14/Jul/2013:06:20:09 +0000] "GET / HTTP/1.0" 302 - "http://www.google.com/search?site=&source=hp&ei=9ULiUYfYIo3piwL_i4CAAw&q=politicrowd&oq=politicrowd&gs_l=mobile-gws-hp.12..0i8.5956.15105.0.19139.11.8.0.3.3.0.123.770.5j3.8.0....0...1c.1.19.mobile-gws-hp.J8LXY5CupR0" "Mozilla/5.0 (Linux; U; Android 4.1.2; en-us; DROID BIONIC Build/9.8.2O-72_VZW-22) AppleWebKit/534.30 (KHTML, like Gecko) Version/4.0 Mobile Safari/534.30"
67.171.212.135 - - [14/Jul/2013:06:20:09 +0000] "GET /accounts/login/?next=/ HTTP/1.0" 200 6273 "http://www.google.com/search?site=&source=hp&ei=9ULiUYfYIo3piwL_i4CAAw&q=politicrowd&oq=politicrowd&gs_l=mobile-gws-hp.12..0i8.5956.15105.0.19139.11.8.0.3.3.0.123.770.5j3.8.0....0...1c.1.19.mobile-gws-hp.J8LXY5CupR0" "Mozilla/5.0 (Linux; U; Android 4.1.2; en-us; DROID BIONIC Build/9.8.2O-72_VZW-22) AppleWebKit/534.30 (KHTML, like Gecko) Version/4.0 Mobile Safari/534.30"
50.53.98.167 - - [14/Jul/2013:06:20:39 +0000] "GET /accounts/login/?next=/ HTTP/1.0" 200 6273 "-" "Mozilla/5.0 (Windows NT 6.2; WOW64) AppleWebKit/537.36 (KHTML, like Gecko) Chrome/28.0.1500.71 Safari/537.36"
67.171.212.135 - - [14/Jul/2013:06:20:57 +0000] "POST /email/ HTTP/1.0" 200 6677 "http://www.politicrowd.com/accounts/login/?next=/" "Mozilla/5.0 (Linux; U; Android 4.1.2; en-us; DROID BIONIC Build/9.8.2O-72_VZW-22) AppleWebKit/534.30 (KHTML, like Gecko) Version/4.0 Mobile Safari/534.30"
75.92.167.197 - - [14/Jul/2013:06:33:24 +0000] "GET / HTTP/1.0" 200 83811 "-" "Mozilla/5.0 (Macintosh; Intel Mac OS X 10_8_2) AppleWebKit/536.26.14 (KHTML, like Gecko) Version/6.0.1 Safari/536.26.14"
75.92.167.197 - - [14/Jul/2013:06:33:27 +0000] "GET /include/js/jquery.carouFredSel-6.2.0-packed.js HTTP/1.0" 404 5348 "http://politicrowd.com/" "Mozilla/5.0 (Macintosh; Intel Mac OS X 10_8_2) AppleWebKit/536.26.14 (KHTML, like Gecko) Version/6.0.1 Safari/536.26.14"
199.21.99.117 - - [14/Jul/2013:06:34:03 +0000] "GET /demo/openletter/ HTTP/1.0" 200 62052 "-" "Mozilla/5.0 (compatible; YandexBot/3.0; +http://yandex.com/bots)"
76.27.197.244 - - [14/Jul/2013:06:34:46 +0000] "GET / HTTP/1.0" 302 - "https://www.google.com/" "Mozilla/5.0 (Windows NT 6.1; WOW64) AppleWebKit/537.36 (KHTML, like Gecko) Chrome/28.0.1500.72 Safari/537.36"
76.27.197.244 - - [14/Jul/2013:06:34:46 +0000] "GET /accounts/login/?next=/ HTTP/1.0" 200 6273 "https://www.google.com/" "Mozilla/5.0 (Windows NT 6.1; WOW64) AppleWebKit/537.36 (KHTML, like Gecko) Chrome/28.0.1500.72 Safari/537.36"
208.73.29.10 - - [14/Jul/2013:06:37:11 +0000] "GET / HTTP/1.0" 302 - "http://www.google.com/search?q=politicrowd&ie=utf-8&oe=utf-8&aq=t&rls=org.mozilla:en-US:official&client=firefox-a" "Mozilla/5.0 (Windows; U; Windows NT 5.1; en-US; rv:1.9.2.28) Gecko/20120306 Firefox/3.6.28 (.NET CLR 3.5.30729)"
208.73.29.10 - - [14/Jul/2013:06:37:11 +0000] "GET /accounts/login/?next=/ HTTP/1.0" 200 6273 "http://www.google.com/search?q=politicrowd&ie=utf-8&oe=utf-8&aq=t&rls=org.mozilla:en-US:official&client=firefox-a" "Mozilla/5.0 (Windows; U; Windows NT 5.1; en-US; rv:1.9.2.28) Gecko/20120306 Firefox/3.6.28 (.NET CLR 3.5.30729)"
75.92.167.197 - - [14/Jul/2013:06:43:36 +0000] "GET / HTTP/1.0" 200 83811 "-" "Mozilla/5.0 (Macintosh; Intel Mac OS X 10_8_2) AppleWebKit/536.26.14 (KHTML, like Gecko) Version/6.0.1 Safari/536.26.14"
75.92.167.197 - - [14/Jul/2013:06:43:37 +0000] "GET /include/js/jquery.carouFredSel-6.2.0-packed.js HTTP/1.0" 404 5348 "http://politicrowd.com/" "Mozilla/5.0 (Macintosh; Intel Mac OS X 10_8_2) AppleWebKit/536.26.14 (KHTML, like Gecko) Version/6.0.1 Safari/536.26.14"
71.94.230.13 - - [14/Jul/2013:07:05:32 +0000] "GET / HTTP/1.0" 302 - "http://www.kezi.com/newslinks/" "Mozilla/5.0 (compatible; MSIE 10.0; Windows NT 6.1; WOW64; Trident/6.0)"
71.94.230.13 - - [14/Jul/2013:07:05:32 +0000] "GET /accounts/login/?next=/ HTTP/1.0" 200 6273 "http://www.kezi.com/newslinks/" "Mozilla/5.0 (compatible; MSIE 10.0; Windows NT 6.1; WOW64; Trident/6.0)"
71.94.230.13 - - [14/Jul/2013:07:06:34 +0000] "GET /about/ HTTP/1.0" 200 8029 "http://www.politicrowd.com/accounts/login/?next=/" "Mozilla/5.0 (compatible; MSIE 10.0; Windows NT 6.1; WOW64; Trident/6.0)"
71.94.230.13 - - [14/Jul/2013:07:06:34 +0000] "GET /about/include/js/jquery.carouFredSel-6.2.0-packed.js HTTP/1.0" 404 5358 "http://www.politicrowd.com/about/" "Mozilla/5.0 (compatible; MSIE 10.0; Windows NT 6.1; WOW64; Trident/6.0)"
184.72.70.127 - - [14/Jul/2013:07:31:33 +0000] "GET /accounts/login/?next=%2F HTTP/1.0" 200 6273 "-" "Mozilla/5.0 (Macintosh; U; Intel Mac OS X 10.6; en-US; rv:1.9.2) Gecko/20100115 Firefox/3.6 (FlipboardProxy/1.1; +http://flipboard.com/browserproxy)"
23.22.64.87 - - [14/Jul/2013:07:31:34 +0000] "GET /robots.txt HTTP/1.0" 404 5358 "-" "Mozilla/5.0 (Macintosh; U; Intel Mac OS X 10.6; en-US; rv:1.9.2) Gecko/20100115 Firefox/3.6 (FlipboardProxy/0.0.5; +http://flipboard.com/browserproxy)"
66.249.73.117 - - [14/Jul/2013:07:55:43 +0000] "GET /accounts/login/ HTTP/1.0" 200 6273 "-" "Mozilla/5.0 (compatible; Googlebot/2.1; +http://www.google.com/bot.html)"
5.10.83.80 - - [14/Jul/2013:08:29:25 +0000] "GET /robots.txt HTTP/1.0" 404 5358 "-" "Mozilla/5.0 (compatible; AhrefsBot/5.0; +http://ahrefs.com/robot/)"
66.249.73.117 - - [14/Jul/2013:08:47:45 +0000] "GET /about/ HTTP/1.0" 200 8029 "-" "Mozilla/5.0 (compatible; Googlebot/2.1; +http://www.google.com/bot.html)"
199.21.99.117 - - [14/Jul/2013:09:02:55 +0000] "GET /demo/politician/ HTTP/1.0" 200 39512 "-" "Mozilla/5.0 (compatible; YandexBot/3.0; +http://yandex.com/bots)"
180.76.5.98 - - [14/Jul/2013:09:42:18 +0000] "GET /demo/openletter/ HTTP/1.0" 200 62052 "-" "Mozilla/5.0 (compatible; Baiduspider/2.0; +http://www.baidu.com/search/spider.html)"
111.250.107.246 - - [14/Jul/2013:09:57:38 +0000] "GET /about/ HTTP/1.0" 200 8029 "-" "Mozilla/4.0 (compatible; MSIE 8.0; Windows NT 5.1; Trident/4.0; .NET CLR 2.0.50727; .NET CLR 3.0.04506.30)"
76.105.209.127 - - [14/Jul/2013:10:14:40 +0000] "GET / HTTP/1.0" 200 83811 "-" "Mozilla/5.0 (Macintosh; Intel Mac OS X 10_8_2) AppleWebKit/536.26.14 (KHTML, like Gecko) Version/6.0.1 Safari/536.26.14"
76.105.209.127 - - [14/Jul/2013:10:14:42 +0000] "GET /include/js/jquery.carouFredSel-6.2.0-packed.js HTTP/1.0" 404 5348 "http://politicrowd.com/" "Mozilla/5.0 (Macintosh; Intel Mac OS X 10_8_2) AppleWebKit/536.26.14 (KHTML, like Gecko) Version/6.0.1 Safari/536.26.14"
66.249.73.225 - - [14/Jul/2013:10:23:48 +0000] "GET /robots.txt HTTP/1.0" 404 5358 "-" "Mozilla/5.0 (compatible; Googlebot/2.1; +http://www.google.com/bot.html)"
66.249.73.225 - - [14/Jul/2013:10:23:48 +0000] "GET /privacypolicy/ HTTP/1.0" 200 14058 "-" "Mozilla/5.0 (compatible; Googlebot/2.1; +http://www.google.com/bot.html)"
50.115.246.160 - - [14/Jul/2013:11:07:33 +0000] "GET / HTTP/1.0" 302 - "http://www.google.com/url?sa=f&rct=j&url=http://www.politicrowd.com/&q=politicrowd.com&ei=dIbiUcu3HMSYrAG7xIG4BQ&usg=AFQjCNGjkoggjfZhaT635RcB8ObVdZ4CPA" "Mozilla/5.0 (Windows NT 6.1; WOW64) AppleWebKit/537.36 (KHTML, like Gecko) Chrome/28.0.1500.72 Safari/537.36"
50.115.246.160 - - [14/Jul/2013:11:07:33 +0000] "GET /accounts/login/?next=/ HTTP/1.0" 200 6273 "http://www.google.com/url?sa=f&rct=j&url=http://www.politicrowd.com/&q=politicrowd.com&ei=dIbiUcu3HMSYrAG7xIG4BQ&usg=AFQjCNGjkoggjfZhaT635RcB8ObVdZ4CPA" "Mozilla/5.0 (Windows NT 6.1; WOW64) AppleWebKit/537.36 (KHTML, like Gecko) Chrome/28.0.1500.72 Safari/537.36"
66.249.73.117 - - [14/Jul/2013:11:14:28 +0000] "GET /login/ HTTP/1.0" 200 11261 "-" "Mozilla/5.0 (compatible; Googlebot/2.1; +http://www.google.com/bot.html)"
24.22.231.20 - - [14/Jul/2013:12:05:30 +0000] "GET /accounts/login/?next=%2F HTTP/1.0" 200 6273 "http://www.facebook.com/l.php?u=http%3A%2F%2Fpoliticrowd.com%2Faccounts%2Flogin%2F%3Fnext%3D%252F&h=wAQF8OrBx&s=1" "Mozilla/5.0 (Windows NT 6.0; rv:22.0) Gecko/20100101 Firefox/22.0"
66.249.73.117 - - [14/Jul/2013:12:23:03 +0000] "GET /volunteer/ HTTP/1.0" 200 4268 "-" "Mozilla/5.0 (compatible; Googlebot/2.1; +http://www.google.com/bot.html)"
66.249.73.225 - - [14/Jul/2013:12:43:04 +0000] "GET /accounts/login/ HTTP/1.0" 200 6273 "-" "Mozilla/5.0 (compatible; Googlebot/2.1; +http://www.google.com/bot.html)"
66.249.73.117 - - [14/Jul/2013:12:53:31 +0000] "GET /submit/ HTTP/1.0" 404 5358 "-" "Mozilla/5.0 (compatible; Googlebot/2.1; +http://www.google.com/bot.html)"
66.249.73.225 - - [14/Jul/2013:14:30:05 +0000] "GET /engage/ HTTP/1.0" 302 - "-" "Mozilla/5.0 (compatible; Googlebot/2.1; +http://www.google.com/bot.html)"
66.249.73.225 - - [14/Jul/2013:14:30:05 +0000] "GET /accounts/login/?next=/engage/ HTTP/1.0" 200 6273 "-" "Mozilla/5.0 (compatible; Googlebot/2.1; +http://www.google.com/bot.html)"
216.87.230.188 - - [14/Jul/2013:15:01:02 +0000] "GET /favicon.ico HTTP/1.0" 404 5358 "-" "Mozilla/5.0 (compatible; MSIE 10.0; Windows NT 6.1; Win64; x64; Trident/6.0)"
216.87.230.188 - - [14/Jul/2013:15:01:02 +0000] "GET / HTTP/1.0" 200 83811 "http://www.thesquarepdx.org/calendar_august2013.htm" "Mozilla/5.0 (compatible; MSIE 10.0; Windows NT 6.1; WOW64; Trident/6.0)"
216.87.230.188 - - [14/Jul/2013:15:01:03 +0000] "GET /include/js/jquery.carouFredSel-6.2.0-packed.js HTTP/1.0" 404 5348 "http://www.politicrowd.com/" "Mozilla/5.0 (compatible; MSIE 10.0; Windows NT 6.1; WOW64; Trident/6.0)"
66.249.73.225 - - [14/Jul/2013:15:07:16 +0000] "GET /login HTTP/1.0" 301 - "-" "Mozilla/5.0 (compatible; Googlebot/2.1; +http://www.google.com/bot.html)"
66.249.73.225 - - [14/Jul/2013:15:07:16 +0000] "GET /login/ HTTP/1.0" 200 11261 "-" "Mozilla/5.0 (compatible; Googlebot/2.1; +http://www.google.com/bot.html)"
66.249.73.225 - - [14/Jul/2013:15:50:12 +0000] "GET /accounts/login/?next=/ HTTP/1.0" 200 6273 "-" "SAMSUNG-SGH-E250/1.0 Profile/MIDP-2.0 Configuration/CLDC-1.1 UP.Browser/6.2.3.3.c.1.101 (GUI) MMP/2.0 (compatible; Googlebot-Mobile/2.1; +http://www.google.com/bot.html)"
157.55.35.77 - - [14/Jul/2013:16:06:07 +0000] "GET /robots.txt HTTP/1.0" 404 5358 "-" "Mozilla/5.0 (compatible; bingbot/2.0; +http://www.bing.com/bingbot.htm)"
8.35.201.117 - - [14/Jul/2013:17:01:44 +0000] "GET /favicon.ico HTTP/1.0" 404 5358 "-" "AppEngine-Google; (+http://code.google.com/appengine; appid: s~getfavicon27)"
8.35.201.117 - - [14/Jul/2013:17:01:44 +0000] "GET / HTTP/1.0" 302 - "-" "AppEngine-Google; (+http://code.google.com/appengine; appid: s~getfavicon27)"
8.35.201.117 - - [14/Jul/2013:17:01:44 +0000] "GET /accounts/login/?next=/ HTTP/1.0" 200 6273 "-" "AppEngine-Google; (+http://code.google.com/appengine; appid: s~getfavicon27)"
70.90.135.197 - - [14/Jul/2013:17:08:23 +0000] "GET / HTTP/1.0" 200 83811 "-" "Mozilla/5.0 (Windows NT 6.3; WOW64; Trident/7.0; Touch; rv:11.0) like Gecko"
70.90.135.197 - - [14/Jul/2013:17:08:24 +0000] "GET /include/js/jquery.carouFredSel-6.2.0-packed.js HTTP/1.0" 404 5348 "http://politicrowd.com/" "Mozilla/5.0 (Windows NT 6.3; WOW64; Trident/7.0; Touch; rv:11.0) like Gecko"
70.90.135.197 - - [14/Jul/2013:17:09:00 +0000] "GET /politicians/D000191 HTTP/1.0" 301 - "http://politicrowd.com/" "Mozilla/5.0 (Windows NT 6.3; WOW64; Trident/7.0; Touch; rv:11.0) like Gecko"
70.90.135.197 - - [14/Jul/2013:17:09:00 +0000] "GET /politicians/D000191/ HTTP/1.0" 200 26841 "http://politicrowd.com/" "Mozilla/5.0 (Windows NT 6.3; WOW64; Trident/7.0; Touch; rv:11.0) like Gecko"
70.90.135.197 - - [14/Jul/2013:17:09:01 +0000] "GET /politicians/D000191/include/js/jquery.carouFredSel-6.2.0-packed.js HTTP/1.0" 404 5348 "http://politicrowd.com/politicians/D000191/" "Mozilla/5.0 (Windows NT 6.3; WOW64; Trident/7.0; Touch; rv:11.0) like Gecko"
70.90.135.197 - - [14/Jul/2013:17:09:15 +0000] "GET /issues/ HTTP/1.0" 200 25014 "http://politicrowd.com/politicians/D000191/" "Mozilla/5.0 (Windows NT 6.3; WOW64; Trident/7.0; Touch; rv:11.0) like Gecko"
70.90.135.197 - - [14/Jul/2013:17:09:15 +0000] "GET /issues/include/js/jquery.carouFredSel-6.2.0-packed.js HTTP/1.0" 404 5348 "http://politicrowd.com/issues/" "Mozilla/5.0 (Windows NT 6.3; WOW64; Trident/7.0; Touch; rv:11.0) like Gecko"
66.87.112.209 - - [14/Jul/2013:17:13:17 +0000] "GET / HTTP/1.0" 302 - "-" "Mozilla/5.0 (Linux; U; Android 4.1.2; en-us; SPH-L710 Build/JZO54K) AppleWebKit/534.30 (KHTML, like Gecko) Version/4.0 Mobile Safari/534.30"
66.87.112.209 - - [14/Jul/2013:17:13:18 +0000] "GET /accounts/login/?next=/ HTTP/1.0" 200 6273 "-" "Mozilla/5.0 (Linux; U; Android 4.1.2; en-us; SPH-L710 Build/JZO54K) AppleWebKit/534.30 (KHTML, like Gecko) Version/4.0 Mobile Safari/534.30"
66.87.112.209 - - [14/Jul/2013:17:13:29 +0000] "GET / HTTP/1.0" 302 - "http://politicrowd.com/accounts/login/?next=/" "Mozilla/5.0 (Linux; U; Android 4.1.2; en-us; SPH-L710 Build/JZO54K) AppleWebKit/534.30 (KHTML, like Gecko) Version/4.0 Mobile Safari/534.30"
66.87.112.209 - - [14/Jul/2013:17:13:29 +0000] "GET /accounts/login/?next=/ HTTP/1.0" 200 6273 "http://politicrowd.com/accounts/login/?next=/" "Mozilla/5.0 (Linux; U; Android 4.1.2; en-us; SPH-L710 Build/JZO54K) AppleWebKit/534.30 (KHTML, like Gecko) Version/4.0 Mobile Safari/534.30"
66.87.112.209 - - [14/Jul/2013:17:13:44 +0000] "GET /demo/openletter/ HTTP/1.0" 200 62052 "http://politicrowd.com/accounts/login/?next=/" "Mozilla/5.0 (Linux; U; Android 4.1.2; en-us; SPH-L710 Build/JZO54K) AppleWebKit/534.30 (KHTML, like Gecko) Version/4.0 Mobile Safari/534.30"
66.87.112.209 - - [14/Jul/2013:17:13:55 +0000] "GET /favicon.ico HTTP/1.0" 404 5358 "http://politicrowd.com/demo/openletter/" "Mozilla/5.0 (Linux; U; Android 4.1.2; en-us; SPH-L710 Build/JZO54K) AppleWebKit/534.30 (KHTML, like Gecko) Version/4.0 Mobile Safari/534.30"
166.147.88.29 - - [14/Jul/2013:17:36:03 +0000] "GET /about/ HTTP/1.0" 200 8029 "-" "Mozilla/5.0 (iPhone; CPU iPhone OS 7_0 like Mac OS X) AppleWebKit/537.40 (KHTML, like Gecko) Version/6.0 Mobile/11A4400f Safari/8536.25"
166.147.88.29 - - [14/Jul/2013:17:36:04 +0000] "GET /about/include/js/jquery.carouFredSel-6.2.0-packed.js HTTP/1.0" 404 5358 "http://politicrowd.com/about/" "Mozilla/5.0 (iPhone; CPU iPhone OS 7_0 like Mac OS X) AppleWebKit/537.40 (KHTML, like Gecko) Version/6.0 Mobile/11A4400f Safari/8536.25"
70.90.135.197 - - [14/Jul/2013:17:38:08 +0000] "GET /issues/ HTTP/1.0" 200 25014 "http://politicrowd.com/politicians/D000191/" "Mozilla/5.0 (Windows NT 6.3; WOW64; Trident/7.0; Touch; rv:11.0) like Gecko"
70.90.135.197 - - [14/Jul/2013:17:38:08 +0000] "GET /issues/include/js/jquery.carouFredSel-6.2.0-packed.js HTTP/1.0" 404 5348 "http://politicrowd.com/issues/" "Mozilla/5.0 (Windows NT 6.3; WOW64; Trident/7.0; Touch; rv:11.0) like Gecko"
199.21.99.117 - - [14/Jul/2013:17:51:42 +0000] "GET /robots.txt HTTP/1.0" 404 5358 "-" "Mozilla/5.0 (compatible; YandexBot/3.0; +http://yandex.com/bots)"
199.21.99.117 - - [14/Jul/2013:17:51:44 +0000] "GET / HTTP/1.0" 302 - "-" "Mozilla/5.0 (compatible; YandexBot/3.0; +http://yandex.com/bots)"
217.44.52.99 - - [14/Jul/2013:18:32:31 +0000] "GET / HTTP/1.0" 302 - "http://www.facebook.com/l.php?u=http%3A%2F%2Fwww.politicrowd.com&h=FAQGP5mYr&s=1" "Mozilla/5.0 (Macintosh; Intel Mac OS X 10_6_8) AppleWebKit/534.58.2 (KHTML, like Gecko) Version/5.1.8 Safari/534.58.2"
217.44.52.99 - - [14/Jul/2013:18:32:31 +0000] "GET /accounts/login/?next=/ HTTP/1.0" 200 6273 "http://www.facebook.com/l.php?u=http%3A%2F%2Fwww.politicrowd.com&h=FAQGP5mYr&s=1" "Mozilla/5.0 (Macintosh; Intel Mac OS X 10_6_8) AppleWebKit/534.58.2 (KHTML, like Gecko) Version/5.1.8 Safari/534.58.2"
217.44.52.99 - - [14/Jul/2013:18:33:53 +0000] "GET /about/ HTTP/1.0" 200 8029 "http://www.politicrowd.com/accounts/login/?next=/" "Mozilla/5.0 (Macintosh; Intel Mac OS X 10_6_8) AppleWebKit/534.58.2 (KHTML, like Gecko) Version/5.1.8 Safari/534.58.2"
217.44.52.99 - - [14/Jul/2013:18:33:53 +0000] "GET /about/include/js/jquery.carouFredSel-6.2.0-packed.js HTTP/1.0" 404 5358 "http://www.politicrowd.com/about/" "Mozilla/5.0 (Macintosh; Intel Mac OS X 10_6_8) AppleWebKit/534.58.2 (KHTML, like Gecko) Version/5.1.8 Safari/534.58.2"
66.249.73.117 - - [14/Jul/2013:19:26:08 +0000] "GET /robots.txt HTTP/1.0" 404 5358 "-" "Mozilla/5.0 (compatible; Googlebot/2.1; +http://www.google.com/bot.html)"
66.249.73.117 - - [14/Jul/2013:19:26:08 +0000] "GET /issues/ HTTP/1.0" 302 - "-" "Mozilla/5.0 (compatible; Googlebot/2.1; +http://www.google.com/bot.html)"
66.249.73.117 - - [14/Jul/2013:19:26:08 +0000] "GET /accounts/login/?next=/issues/ HTTP/1.0" 200 6273 "-" "Mozilla/5.0 (compatible; Googlebot/2.1; +http://www.google.com/bot.html)"
199.21.99.117 - - [14/Jul/2013:19:30:15 +0000] "GET /robots.txt HTTP/1.0" 404 5358 "-" "Mozilla/5.0 (compatible; YandexBot/3.0; +http://yandex.com/bots)"
199.21.99.117 - - [14/Jul/2013:19:30:17 +0000] "GET / HTTP/1.0" 302 - "-" "Mozilla/5.0 (compatible; YandexBot/3.0; +http://yandex.com/bots)"
199.21.99.117 - - [14/Jul/2013:19:30:17 +0000] "GET / HTTP/1.0" 302 - "-" "Mozilla/5.0 (compatible; YandexBot/3.0; +http://yandex.com/bots)"
199.21.99.117 - - [14/Jul/2013:19:30:29 +0000] "GET /accounts/login/?next=/ HTTP/1.0" 200 6273 "-" "Mozilla/5.0 (compatible; YandexBot/3.0; +http://yandex.com/bots)"
199.21.99.117 - - [14/Jul/2013:19:30:29 +0000] "GET /accounts/login/?next=/ HTTP/1.0" 200 6273 "-" "Mozilla/5.0 (compatible; YandexBot/3.0; +http://yandex.com/bots)"
199.21.99.117 - - [14/Jul/2013:19:30:41 +0000] "GET /accounts/login/?next=/ HTTP/1.0" 200 6273 "-" "Mozilla/5.0 (compatible; YandexBot/3.0; +http://yandex.com/bots)"
199.21.99.117 - - [14/Jul/2013:19:30:44 +0000] "GET /accounts/login/?next=/ HTTP/1.0" 200 6273 "-" "Mozilla/5.0 (compatible; YandexBot/3.0; +http://yandex.com/bots)"
157.55.35.77 - - [14/Jul/2013:19:34:42 +0000] "GET /create/ HTTP/1.0" 302 - "-" "Mozilla/5.0 (compatible; bingbot/2.0; +http://www.bing.com/bingbot.htm)"
157.55.35.77 - - [14/Jul/2013:19:34:43 +0000] "GET /accounts/login/?next=/create/ HTTP/1.0" 200 6273 "-" "Mozilla/5.0 (compatible; bingbot/2.0; +http://www.bing.com/bingbot.htm)"
24.21.100.171 - - [14/Jul/2013:19:35:25 +0000] "GET /load/letterbox/issue/?issue=Education HTTP/1.0" 200 2433 "http://politicrowd.com/issues/" "Mozilla/5.0 (Windows NT 6.3; WOW64; Trident/7.0; Touch; rv:11.0) like Gecko"
24.21.100.171 - - [14/Jul/2013:19:35:28 +0000] "GET /load/letterbox/issue/?issue=Jobs HTTP/1.0" 200 3570 "http://politicrowd.com/issues/" "Mozilla/5.0 (Windows NT 6.3; WOW64; Trident/7.0; Touch; rv:11.0) like Gecko"
24.21.100.171 - - [14/Jul/2013:19:35:32 +0000] "GET /load/letterbox/issue/?issue=Healthcare HTTP/1.0" 200 6051 "http://politicrowd.com/issues/" "Mozilla/5.0 (Windows NT 6.3; WOW64; Trident/7.0; Touch; rv:11.0) like Gecko"
24.21.100.171 - - [14/Jul/2013:19:35:38 +0000] "GET /load/letterbox/issue/?issue=Taxes HTTP/1.0" 200 7223 "http://politicrowd.com/issues/" "Mozilla/5.0 (Windows NT 6.3; WOW64; Trident/7.0; Touch; rv:11.0) like Gecko"
24.21.100.171 - - [14/Jul/2013:19:35:49 +0000] "GET /load/letterbox/issue/?issue=Environment HTTP/1.0" 200 2438 "http://politicrowd.com/issues/" "Mozilla/5.0 (Windows NT 6.3; WOW64; Trident/7.0; Touch; rv:11.0) like Gecko"
180.76.5.26 - - [14/Jul/2013:20:02:51 +0000] "GET / HTTP/1.0" 302 - "-" "Mozilla/5.0 (compatible; Baiduspider/2.0; +http://www.baidu.com/search/spider.html)"
180.76.5.93 - - [14/Jul/2013:20:02:52 +0000] "GET /accounts/login/?next=/ HTTP/1.0" 200 6273 "-" "Mozilla/5.0 (compatible; Baiduspider/2.0; +http://www.baidu.com/search/spider.html)"
199.21.99.117 - - [14/Jul/2013:20:43:00 +0000] "GET /accounts/login/?next=/ HTTP/1.0" 200 6273 "-" "Mozilla/5.0 (compatible; YandexBot/3.0; +http://yandex.com/bots)"
66.249.73.225 - - [14/Jul/2013:20:54:01 +0000] "GET /accounts/login/?next=/issues/ HTTP/1.0" 200 6273 "-" "Mozilla/5.0 (compatible; Googlebot/2.1; +http://www.google.com/bot.html)"
67.5.214.226 - - [14/Jul/2013:21:33:27 +0000] "GET /favicon.ico HTTP/1.0" 404 5358 "-" "Mozilla/5.0 (Windows NT 6.1; WOW64) AppleWebKit/537.36 (KHTML, like Gecko) Chrome/27.0.1453.116 Safari/537.36"
67.5.214.226 - - [14/Jul/2013:21:33:57 +0000] "GET /favicon.ico HTTP/1.0" 404 5358 "-" "Mozilla/5.0 (Windows NT 6.1; WOW64) AppleWebKit/537.36 (KHTML, like Gecko) Chrome/27.0.1453.116 Safari/537.36"
70.140.145.176 - - [14/Jul/2013:22:06:09 +0000] "GET / HTTP/1.0" 302 - "-" "Mozilla/5.0 (iPod; CPU iPhone OS 6_1_3 like Mac OS X) AppleWebKit/536.26 (KHTML, like Gecko) Version/6.0 Mobile/10B329 Safari/8536.25"
70.140.145.176 - - [14/Jul/2013:22:06:10 +0000] "GET /accounts/login/?next=/ HTTP/1.0" 200 6273 "-" "Mozilla/5.0 (iPod; CPU iPhone OS 6_1_3 like Mac OS X) AppleWebKit/536.26 (KHTML, like Gecko) Version/6.0 Mobile/10B329 Safari/8536.25"
50.139.37.20 - - [14/Jul/2013:22:07:10 +0000] "GET / HTTP/1.0" 200 83811 "-" "Mozilla/5.0 (Macintosh; Intel Mac OS X 10_8_2) AppleWebKit/536.26.14 (KHTML, like Gecko) Version/6.0.1 Safari/536.26.14"
50.139.37.20 - - [14/Jul/2013:22:07:12 +0000] "GET /include/js/jquery.carouFredSel-6.2.0-packed.js HTTP/1.0" 404 5348 "http://politicrowd.com/" "Mozilla/5.0 (Macintosh; Intel Mac OS X 10_8_2) AppleWebKit/536.26.14 (KHTML, like Gecko) Version/6.0.1 Safari/536.26.14"
50.139.37.20 - - [14/Jul/2013:22:07:41 +0000] "GET / HTTP/1.0" 200 83811 "-" "Mozilla/5.0 (Macintosh; Intel Mac OS X 10_8_2) AppleWebKit/536.26.14 (KHTML, like Gecko) Version/6.0.1 Safari/536.26.14"
50.139.37.20 - - [14/Jul/2013:22:07:42 +0000] "GET /include/js/jquery.carouFredSel-6.2.0-packed.js HTTP/1.0" 404 5348 "http://politicrowd.com/" "Mozilla/5.0 (Macintosh; Intel Mac OS X 10_8_2) AppleWebKit/536.26.14 (KHTML, like Gecko) Version/6.0.1 Safari/536.26.14"
50.139.37.20 - - [14/Jul/2013:22:07:56 +0000] "GET /admin/ HTTP/1.0" 200 14407 "-" "Mozilla/5.0 (Macintosh; Intel Mac OS X 10_8_2) AppleWebKit/536.26.14 (KHTML, like Gecko) Version/6.0.1 Safari/536.26.14"
50.139.37.20 - - [14/Jul/2013:22:08:01 +0000] "GET /openletters/please-turn-my-school-into-a-mothership HTTP/1.0" 301 - "http://politicrowd.com/" "Mozilla/5.0 (Macintosh; Intel Mac OS X 10_8_2) AppleWebKit/536.26.14 (KHTML, like Gecko) Version/6.0.1 Safari/536.26.14"
50.139.37.20 - - [14/Jul/2013:22:08:01 +0000] "GET /openletters/please-turn-my-school-into-a-mothership/ HTTP/1.0" 200 64591 "http://politicrowd.com/" "Mozilla/5.0 (Macintosh; Intel Mac OS X 10_8_2) AppleWebKit/536.26.14 (KHTML, like Gecko) Version/6.0.1 Safari/536.26.14"
50.139.37.20 - - [14/Jul/2013:22:08:02 +0000] "GET /openletters/please-turn-my-school-into-a-mothership/include/js/jquery.carouFredSel-6.2.0-packed.js HTTP/1.0" 404 5348 "http://politicrowd.com/openletters/please-turn-my-school-into-a-mothership/" "Mozilla/5.0 (Macintosh; Intel Mac OS X 10_8_2) AppleWebKit/536.26.14 (KHTML, like Gecko) Version/6.0.1 Safari/536.26.14"
50.139.37.20 - - [14/Jul/2013:22:08:34 +0000] "GET /admin/politics/email/ HTTP/1.0" 200 8497 "http://politicrowd.com/admin/" "Mozilla/5.0 (Macintosh; Intel Mac OS X 10_8_2) AppleWebKit/536.26.14 (KHTML, like Gecko) Version/6.0.1 Safari/536.26.14"
50.139.37.20 - - [14/Jul/2013:22:08:34 +0000] "GET /admin/jsi18n/ HTTP/1.0" 200 2158 "http://politicrowd.com/admin/politics/email/" "Mozilla/5.0 (Macintosh; Intel Mac OS X 10_8_2) AppleWebKit/536.26.14 (KHTML, like Gecko) Version/6.0.1 Safari/536.26.14"
50.139.37.20 - - [14/Jul/2013:22:13:57 +0000] "GET /open_up/?slug=please-turn-my-school-into-a-mothership HTTP/1.0" 200 1 "http://politicrowd.com/openletters/please-turn-my-school-into-a-mothership/" "Mozilla/5.0 (Macintosh; Intel Mac OS X 10_8_2) AppleWebKit/536.26.14 (KHTML, like Gecko) Version/6.0.1 Safari/536.26.14"
50.139.37.20 - - [14/Jul/2013:22:13:58 +0000] "GET /open_up/?slug=please-turn-my-school-into-a-mothership HTTP/1.0" 200 1 "http://politicrowd.com/openletters/please-turn-my-school-into-a-mothership/" "Mozilla/5.0 (Macintosh; Intel Mac OS X 10_8_2) AppleWebKit/536.26.14 (KHTML, like Gecko) Version/6.0.1 Safari/536.26.14"
50.139.37.20 - - [14/Jul/2013:22:13:59 +0000] "GET /requestpolitician/please-turn-my-school-into-a-mothership/ HTTP/1.0" 200 23 "http://politicrowd.com/openletters/please-turn-my-school-into-a-mothership/" "Mozilla/5.0 (Macintosh; Intel Mac OS X 10_8_2) AppleWebKit/536.26.14 (KHTML, like Gecko) Version/6.0.1 Safari/536.26.14"
50.139.37.20 - - [14/Jul/2013:22:14:34 +0000] "GET /logout/ HTTP/1.0" 302 - "http://politicrowd.com/openletters/please-turn-my-school-into-a-mothership/" "Mozilla/5.0 (Macintosh; Intel Mac OS X 10_8_2) AppleWebKit/536.26.14 (KHTML, like Gecko) Version/6.0.1 Safari/536.26.14"
50.139.37.20 - - [14/Jul/2013:22:14:34 +0000] "GET / HTTP/1.0" 302 - "http://politicrowd.com/openletters/please-turn-my-school-into-a-mothership/" "Mozilla/5.0 (Macintosh; Intel Mac OS X 10_8_2) AppleWebKit/536.26.14 (KHTML, like Gecko) Version/6.0.1 Safari/536.26.14"
50.139.37.20 - - [14/Jul/2013:22:14:34 +0000] "GET /accounts/login/?next=/ HTTP/1.0" 200 6273 "http://politicrowd.com/openletters/please-turn-my-school-into-a-mothership/" "Mozilla/5.0 (Macintosh; Intel Mac OS X 10_8_2) AppleWebKit/536.26.14 (KHTML, like Gecko) Version/6.0.1 Safari/536.26.14"
50.139.37.20 - - [14/Jul/2013:22:14:52 +0000] "GET /login/ HTTP/1.0" 200 11261 "-" "Mozilla/5.0 (Macintosh; Intel Mac OS X 10_8_2) AppleWebKit/536.26.14 (KHTML, like Gecko) Version/6.0.1 Safari/536.26.14"
50.139.37.20 - - [14/Jul/2013:22:14:53 +0000] "GET /login/include/js/jquery.carouFredSel-6.2.0-packed.js HTTP/1.0" 404 5358 "http://politicrowd.com/login/" "Mozilla/5.0 (Macintosh; Intel Mac OS X 10_8_2) AppleWebKit/536.26.14 (KHTML, like Gecko) Version/6.0.1 Safari/536.26.14"
50.139.37.20 - - [14/Jul/2013:22:15:26 +0000] "POST /register/ HTTP/1.0" 200 29601 "http://politicrowd.com/login/" "Mozilla/5.0 (Macintosh; Intel Mac OS X 10_8_2) AppleWebKit/536.26.14 (KHTML, like Gecko) Version/6.0.1 Safari/536.26.14"
50.139.37.20 - - [14/Jul/2013:22:15:33 +0000] "GET /register/include/js/jquery.carouFredSel-6.2.0-packed.js HTTP/1.0" 404 5348 "http://politicrowd.com/register/" "Mozilla/5.0 (Macintosh; Intel Mac OS X 10_8_2) AppleWebKit/536.26.14 (KHTML, like Gecko) Version/6.0.1 Safari/536.26.14"
50.139.37.20 - - [14/Jul/2013:22:17:37 +0000] "POST /update_location/ HTTP/1.0" 302 - "http://politicrowd.com/register/" "Mozilla/5.0 (Macintosh; Intel Mac OS X 10_8_2) AppleWebKit/536.26.14 (KHTML, like Gecko) Version/6.0.1 Safari/536.26.14"
50.139.37.20 - - [14/Jul/2013:22:17:39 +0000] "GET /profile/ HTTP/1.0" 200 30230 "http://politicrowd.com/register/" "Mozilla/5.0 (Macintosh; Intel Mac OS X 10_8_2) AppleWebKit/536.26.14 (KHTML, like Gecko) Version/6.0.1 Safari/536.26.14"
50.139.37.20 - - [14/Jul/2013:22:17:40 +0000] "GET /profile/include/js/jquery.carouFredSel-6.2.0-packed.js HTTP/1.0" 404 5348 "http://politicrowd.com/profile/" "Mozilla/5.0 (Macintosh; Intel Mac OS X 10_8_2) AppleWebKit/536.26.14 (KHTML, like Gecko) Version/6.0.1 Safari/536.26.14"
50.139.37.20 - - [14/Jul/2013:22:18:08 +0000] "GET /politicians/M001176 HTTP/1.0" 301 - "http://politicrowd.com/profile/" "Mozilla/5.0 (Macintosh; Intel Mac OS X 10_8_2) AppleWebKit/536.26.14 (KHTML, like Gecko) Version/6.0.1 Safari/536.26.14"
50.139.37.20 - - [14/Jul/2013:22:18:08 +0000] "GET /politicians/M001176/ HTTP/1.0" 200 36485 "http://politicrowd.com/profile/" "Mozilla/5.0 (Macintosh; Intel Mac OS X 10_8_2) AppleWebKit/536.26.14 (KHTML, like Gecko) Version/6.0.1 Safari/536.26.14"
50.139.37.20 - - [14/Jul/2013:22:18:09 +0000] "GET /politicians/M001176/include/js/jquery.carouFredSel-6.2.0-packed.js HTTP/1.0" 404 5348 "http://politicrowd.com/politicians/M001176/" "Mozilla/5.0 (Macintosh; Intel Mac OS X 10_8_2) AppleWebKit/536.26.14 (KHTML, like Gecko) Version/6.0.1 Safari/536.26.14"
50.139.37.20 - - [14/Jul/2013:22:18:58 +0000] "GET /openletters/please-turn-my-school-into-a-mothership/ HTTP/1.0" 200 64591 "http://politicrowd.com/politicians/M001176/" "Mozilla/5.0 (Macintosh; Intel Mac OS X 10_8_2) AppleWebKit/536.26.14 (KHTML, like Gecko) Version/6.0.1 Safari/536.26.14"
50.139.37.20 - - [14/Jul/2013:22:18:58 +0000] "GET /openletters/please-turn-my-school-into-a-mothership/include/js/jquery.carouFredSel-6.2.0-packed.js HTTP/1.0" 404 5348 "http://politicrowd.com/openletters/please-turn-my-school-into-a-mothership/" "Mozilla/5.0 (Macintosh; Intel Mac OS X 10_8_2) AppleWebKit/536.26.14 (KHTML, like Gecko) Version/6.0.1 Safari/536.26.14"
50.139.37.20 - - [14/Jul/2013:22:19:57 +0000] "GET /open_up/?slug=please-turn-my-school-into-a-mothership HTTP/1.0" 200 1 "http://politicrowd.com/openletters/please-turn-my-school-into-a-mothership/" "Mozilla/5.0 (Macintosh; Intel Mac OS X 10_8_2) AppleWebKit/536.26.14 (KHTML, like Gecko) Version/6.0.1 Safari/536.26.14"
50.139.37.20 - - [14/Jul/2013:22:19:57 +0000] "GET /requestpolitician/please-turn-my-school-into-a-mothership/ HTTP/1.0" 200 4991 "http://politicrowd.com/openletters/please-turn-my-school-into-a-mothership/" "Mozilla/5.0 (Macintosh; Intel Mac OS X 10_8_2) AppleWebKit/536.26.14 (KHTML, like Gecko) Version/6.0.1 Safari/536.26.14"
50.139.37.20 - - [14/Jul/2013:22:20:50 +0000] "GET /responsepolitician/please-turn-my-school-into-a-mothership/?selected=M001176%2CB000574%2CW000779%2C HTTP/1.0" 200 6740 "http://politicrowd.com/openletters/please-turn-my-school-into-a-mothership/" "Mozilla/5.0 (Macintosh; Intel Mac OS X 10_8_2) AppleWebKit/536.26.14 (KHTML, like Gecko) Version/6.0.1 Safari/536.26.14"
50.139.37.20 - - [14/Jul/2013:22:20:57 +0000] "GET /openletters/please-turn-my-school-into-a-mothership/ HTTP/1.0" 200 64591 "http://politicrowd.com/politicians/M001176/" "Mozilla/5.0 (Macintosh; Intel Mac OS X 10_8_2) AppleWebKit/536.26.14 (KHTML, like Gecko) Version/6.0.1 Safari/536.26.14"
50.139.37.20 - - [14/Jul/2013:22:20:57 +0000] "GET /openletters/please-turn-my-school-into-a-mothership/include/js/jquery.carouFredSel-6.2.0-packed.js HTTP/1.0" 404 5348 "http://politicrowd.com/openletters/please-turn-my-school-into-a-mothership/" "Mozilla/5.0 (Macintosh; Intel Mac OS X 10_8_2) AppleWebKit/536.26.14 (KHTML, like Gecko) Version/6.0.1 Safari/536.26.14"
50.139.37.20 - - [14/Jul/2013:22:21:57 +0000] "GET /politicians/test HTTP/1.0" 301 - "http://politicrowd.com/openletters/please-turn-my-school-into-a-mothership/" "Mozilla/5.0 (Macintosh; Intel Mac OS X 10_8_2) AppleWebKit/536.26.14 (KHTML, like Gecko) Version/6.0.1 Safari/536.26.14"
50.139.37.20 - - [14/Jul/2013:22:22:01 +0000] "GET /politicians/test/ HTTP/1.0" 200 36342 "http://politicrowd.com/openletters/please-turn-my-school-into-a-mothership/" "Mozilla/5.0 (Macintosh; Intel Mac OS X 10_8_2) AppleWebKit/536.26.14 (KHTML, like Gecko) Version/6.0.1 Safari/536.26.14"
50.139.37.20 - - [14/Jul/2013:22:23:15 +0000] "GET /politicians/test/ HTTP/1.0" 200 36342 "http://politicrowd.com/openletters/please-turn-my-school-into-a-mothership/" "Mozilla/5.0 (Macintosh; Intel Mac OS X 10_8_2) AppleWebKit/536.26.14 (KHTML, like Gecko) Version/6.0.1 Safari/536.26.14"
50.139.37.20 - - [14/Jul/2013:22:23:16 +0000] "GET /politicians/test/include/js/jquery.carouFredSel-6.2.0-packed.js HTTP/1.0" 404 5348 "http://politicrowd.com/politicians/test/" "Mozilla/5.0 (Macintosh; Intel Mac OS X 10_8_2) AppleWebKit/536.26.14 (KHTML, like Gecko) Version/6.0.1 Safari/536.26.14"
50.139.37.20 - - [14/Jul/2013:22:23:56 +0000] "GET /follow_politician/?politician_id=test&politician=Grant++Arnold HTTP/1.0" 200 44 "http://politicrowd.com/politicians/test/" "Mozilla/5.0 (Macintosh; Intel Mac OS X 10_8_2) AppleWebKit/536.26.14 (KHTML, like Gecko) Version/6.0.1 Safari/536.26.14"
50.139.37.20 - - [14/Jul/2013:22:24:08 +0000] "GET /load/letterbox/politician/?target=requested&politician=test&issue=jobs HTTP/1.0" 200 2235 "http://politicrowd.com/politicians/test/" "Mozilla/5.0 (Macintosh; Intel Mac OS X 10_8_2) AppleWebKit/536.26.14 (KHTML, like Gecko) Version/6.0.1 Safari/536.26.14"
50.139.37.20 - - [14/Jul/2013:22:24:09 +0000] "GET /load/letterbox/politician/?target=requested&politician=test&issue=taxes HTTP/1.0" 200 2123 "http://politicrowd.com/politicians/test/" "Mozilla/5.0 (Macintosh; Intel Mac OS X 10_8_2) AppleWebKit/536.26.14 (KHTML, like Gecko) Version/6.0.1 Safari/536.26.14"
50.139.37.20 - - [14/Jul/2013:22:24:11 +0000] "GET /load/letterbox/politician/?target=requested&politician=test&issue=energy HTTP/1.0" 200 2179 "http://politicrowd.com/politicians/test/" "Mozilla/5.0 (Macintosh; Intel Mac OS X 10_8_2) AppleWebKit/536.26.14 (KHTML, like Gecko) Version/6.0.1 Safari/536.26.14"
50.139.37.20 - - [14/Jul/2013:22:24:13 +0000] "GET /load/letterbox/politician/?target=requested&politician=test&issue=healthcare HTTP/1.0" 200 2203 "http://politicrowd.com/politicians/test/" "Mozilla/5.0 (Macintosh; Intel Mac OS X 10_8_2) AppleWebKit/536.26.14 (KHTML, like Gecko) Version/6.0.1 Safari/536.26.14"
50.139.37.20 - - [14/Jul/2013:22:24:13 +0000] "GET /load/letterbox/politician/?target=requested&politician=test&issue=all HTTP/1.0" 200 7684 "http://politicrowd.com/politicians/test/" "Mozilla/5.0 (Macintosh; Intel Mac OS X 10_8_2) AppleWebKit/536.26.14 (KHTML, like Gecko) Version/6.0.1 Safari/536.26.14"
50.139.37.20 - - [14/Jul/2013:22:36:18 +0000] "GET / HTTP/1.0" 302 - "-" "Mozilla/5.0 (iPhone; CPU iPhone OS 6_1_3 like Mac OS X) AppleWebKit/536.26 (KHTML, like Gecko) Version/6.0 Mobile/10B329 Safari/8536.25"
50.139.37.20 - - [14/Jul/2013:22:36:18 +0000] "GET /accounts/login/?next=/ HTTP/1.0" 200 6273 "-" "Mozilla/5.0 (iPhone; CPU iPhone OS 6_1_3 like Mac OS X) AppleWebKit/536.26 (KHTML, like Gecko) Version/6.0 Mobile/10B329 Safari/8536.25"
50.139.37.20 - - [14/Jul/2013:22:36:38 +0000] "GET /login HTTP/1.0" 301 - "-" "Mozilla/5.0 (iPhone; CPU iPhone OS 6_1_3 like Mac OS X) AppleWebKit/536.26 (KHTML, like Gecko) Version/6.0 Mobile/10B329 Safari/8536.25"
50.139.37.20 - - [14/Jul/2013:22:36:38 +0000] "GET /login/ HTTP/1.0" 302 - "-" "Mozilla/5.0 (iPhone; CPU iPhone OS 6_1_3 like Mac OS X) AppleWebKit/536.26 (KHTML, like Gecko) Version/6.0 Mobile/10B329 Safari/8536.25"
50.139.37.20 - - [14/Jul/2013:22:36:41 +0000] "GET / HTTP/1.0" 200 83811 "-" "Mozilla/5.0 (iPhone; CPU iPhone OS 6_1_3 like Mac OS X) AppleWebKit/536.26 (KHTML, like Gecko) Version/6.0 Mobile/10B329 Safari/8536.25"
50.139.37.20 - - [14/Jul/2013:22:36:43 +0000] "GET /include/js/jquery.carouFredSel-6.2.0-packed.js HTTP/1.0" 404 5348 "http://politicrowd.com/" "Mozilla/5.0 (iPhone; CPU iPhone OS 6_1_3 like Mac OS X) AppleWebKit/536.26 (KHTML, like Gecko) Version/6.0 Mobile/10B329 Safari/8536.25"
50.139.37.20 - - [14/Jul/2013:22:37:37 +0000] "GET /openletters/vote-to-bring-jobs-and-more-energy-from-our-offshore-resources HTTP/1.0" 301 - "http://politicrowd.com/" "Mozilla/5.0 (iPhone; CPU iPhone OS 6_1_3 like Mac OS X) AppleWebKit/536.26 (KHTML, like Gecko) Version/6.0 Mobile/10B329 Safari/8536.25"
50.139.37.20 - - [14/Jul/2013:22:37:37 +0000] "GET /openletters/vote-to-bring-jobs-and-more-energy-from-our-offshore-resources/ HTTP/1.0" 200 51797 "http://politicrowd.com/" "Mozilla/5.0 (iPhone; CPU iPhone OS 6_1_3 like Mac OS X) AppleWebKit/536.26 (KHTML, like Gecko) Version/6.0 Mobile/10B329 Safari/8536.25"
50.139.37.20 - - [14/Jul/2013:22:37:37 +0000] "GET /openletters/vote-to-bring-jobs-and-more-energy-from-our-offshore-resources/include/js/jquery.carouFredSel-6.2.0-packed.js HTTP/1.0" 404 5348 "http://politicrowd.com/openletters/vote-to-bring-jobs-and-more-energy-from-our-offshore-resources/" "Mozilla/5.0 (iPhone; CPU iPhone OS 6_1_3 like Mac OS X) AppleWebKit/536.26 (KHTML, like Gecko) Version/6.0 Mobile/10B329 Safari/8536.25"
46.229.164.97 - - [14/Jul/2013:22:52:59 +0000] "GET /robots.txt HTTP/1.0" 404 5358 "-" "Mozilla/5.0 (compatible; SemrushBot/0.96.3; +http://www.semrush.com/bot.html)"
66.134.64.44 - - [14/Jul/2013:23:03:49 +0000] "GET /about/ HTTP/1.0" 200 8029 "http://www.politicrowd.com/accounts/login/?next=/politicians/" "Mozilla/5.0 (Windows NT 5.1; rv:22.0) Gecko/20100101 Firefox/22.0"
66.134.64.44 - - [14/Jul/2013:23:03:49 +0000] "GET /about/include/js/jquery.carouFredSel-6.2.0-packed.js HTTP/1.0" 404 5358 "-" "Mozilla/5.0 (Windows NT 5.1; rv:22.0) Gecko/20100101 Firefox/22.0"
66.249.73.225 - - [14/Jul/2013:23:15:41 +0000] "GET /robots.txt HTTP/1.0" 404 5358 "-" "Mozilla/5.0 (compatible; Googlebot/2.1; +http://www.google.com/bot.html)"
24.22.85.214 - - [15/Jul/2013:00:17:40 +0000] "GET / HTTP/1.0" 302 - "-" "Mozilla/5.0 (Macintosh; Intel Mac OS X 10_8_4) AppleWebKit/536.30.1 (KHTML, like Gecko) Version/6.0.5 Safari/536.30.1"
24.22.85.214 - - [15/Jul/2013:00:17:51 +0000] "GET /accounts/login/?next=/ HTTP/1.0" 200 6273 "-" "Mozilla/5.0 (Macintosh; Intel Mac OS X 10_8_4) AppleWebKit/536.30.1 (KHTML, like Gecko) Version/6.0.5 Safari/536.30.1"
76.105.209.37 - - [15/Jul/2013:00:45:55 +0000] "GET / HTTP/1.0" 302 - "https://www.google.com/" "Mozilla/5.0 (Windows NT 6.1; WOW64) AppleWebKit/537.36 (KHTML, like Gecko) Chrome/28.0.1500.72 Safari/537.36"
76.105.209.37 - - [15/Jul/2013:00:45:56 +0000] "GET / HTTP/1.0" 302 - "https://www.google.com/" "Mozilla/5.0 (Windows NT 6.1; WOW64) AppleWebKit/537.36 (KHTML, like Gecko) Chrome/28.0.1500.72 Safari/537.36"
76.105.209.37 - - [15/Jul/2013:00:45:56 +0000] "GET / HTTP/1.0" 302 - "https://www.google.com/" "Mozilla/5.0 (Windows NT 6.1; WOW64) AppleWebKit/537.36 (KHTML, like Gecko) Chrome/28.0.1500.72 Safari/537.36"
76.105.209.37 - - [15/Jul/2013:00:45:56 +0000] "GET /accounts/login/?next=/ HTTP/1.0" 200 6273 "https://www.google.com/" "Mozilla/5.0 (Windows NT 6.1; WOW64) AppleWebKit/537.36 (KHTML, like Gecko) Chrome/28.0.1500.72 Safari/537.36"
76.105.209.37 - - [15/Jul/2013:00:46:27 +0000] "GET /about/ HTTP/1.0" 200 8029 "http://www.politicrowd.com/accounts/login/?next=/" "Mozilla/5.0 (Windows NT 6.1; WOW64) AppleWebKit/537.36 (KHTML, like Gecko) Chrome/28.0.1500.72 Safari/537.36"
76.105.209.37 - - [15/Jul/2013:00:46:28 +0000] "GET /about/include/js/jquery.carouFredSel-6.2.0-packed.js HTTP/1.0" 404 5358 "http://www.politicrowd.com/about/" "Mozilla/5.0 (Windows NT 6.1; WOW64) AppleWebKit/537.36 (KHTML, like Gecko) Chrome/28.0.1500.72 Safari/537.36"
76.105.209.37 - - [15/Jul/2013:00:46:57 +0000] "GET /demo/openletter/ HTTP/1.0" 200 62052 "http://www.politicrowd.com/about/" "Mozilla/5.0 (Windows NT 6.1; WOW64) AppleWebKit/537.36 (KHTML, like Gecko) Chrome/28.0.1500.72 Safari/537.36"
76.105.209.37 - - [15/Jul/2013:00:47:01 +0000] "GET /favicon.ico HTTP/1.0" 404 5358 "-" "Mozilla/5.0 (Windows NT 6.1; WOW64) AppleWebKit/537.36 (KHTML, like Gecko) Chrome/28.0.1500.72 Safari/537.36"
75.92.167.197 - - [15/Jul/2013:02:40:50 +0000] "GET / HTTP/1.0" 200 83811 "-" "Mozilla/5.0 (Macintosh; Intel Mac OS X 10_8_2) AppleWebKit/536.26.14 (KHTML, like Gecko) Version/6.0.1 Safari/536.26.14"
76.105.209.127 - - [15/Jul/2013:02:58:01 +0000] "GET / HTTP/1.0" 200 83811 "-" "Mozilla/5.0 (Macintosh; Intel Mac OS X 10_8_2) AppleWebKit/536.26.14 (KHTML, like Gecko) Version/6.0.1 Safari/536.26.14"
